[0.314s] DEBUG:colcon:Command line arguments: ['/usr/bin/colcon', 'build', '--symlink-install']
[0.314s] DEBUG:colcon:Parsed command line arguments: Namespace(allow_overriding=[], ament_cmake_args=None, base_paths=['.'], build_base='build', catkin_cmake_args=None, catkin_skip_building_tests=False, cmake_args=None, cmake_clean_cache=False, cmake_clean_first=False, cmake_force_configure=False, cmake_target=None, cmake_target_skip_unavailable=False, continue_on_error=False, event_handlers=None, executor='parallel', ignore_user_meta=False, install_base='install', log_base=None, log_level=None, main=<bound method BuildVerb.main of <colcon_core.verb.build.BuildVerb object at 0xffffa6ee0910>>, merge_install=False, metas=['./colcon.meta'], packages_above=None, packages_above_and_dependencies=None, packages_above_depth=None, packages_end=None, packages_ignore=None, packages_ignore_regex=None, packages_select=None, packages_select_build_failed=False, packages_select_by_dep=None, packages_select_regex=None, packages_select_test_failures=False, packages_skip=None, packages_skip_build_finished=False, packages_skip_by_dep=None, packages_skip_regex=None, packages_skip_test_passed=False, packages_skip_up_to=None, packages_start=None, packages_up_to=None, packages_up_to_regex=None, parallel_workers=8, paths=None, symlink_install=True, test_result_base=None, verb_extension=<colcon_core.verb.build.BuildVerb object at 0xffffa6ee0910>, verb_name='build', verb_parser=<colcon_defaults.argument_parser.defaults.DefaultArgumentsDecorator object at 0xffffa6d8fd90>)
[0.549s] Level 1:colcon.colcon_core.package_discovery:discover_packages(colcon_meta) check parameters
[0.549s] Level 1:colcon.colcon_core.package_discovery:discover_packages(recursive) check parameters
[0.549s] Level 1:colcon.colcon_core.package_discovery:discover_packages(ignore) check parameters
[0.549s] Level 1:colcon.colcon_core.package_discovery:discover_packages(path) check parameters
[0.549s] Level 1:colcon.colcon_core.package_discovery:discover_packages(colcon_meta) discover
[0.550s] Level 1:colcon.colcon_core.package_discovery:discover_packages(recursive) discover
[0.550s] INFO:colcon.colcon_core.package_discovery:Crawling recursively for packages in '/home/unitree/projects/unitree_sdk2_python_g1/ws_livox'
[0.550s] Level 1:colcon.colcon_core.package_identification:_identify(.) by extensions ['ignore', 'ignore_ament_install']
[0.550s] Level 1:colcon.colcon_core.package_identification:_identify(.) by extension 'ignore'
[0.550s] Level 1:colcon.colcon_core.package_identification:_identify(.) by extension 'ignore_ament_install'
[0.550s] Level 1:colcon.colcon_core.package_identification:_identify(.) by extensions ['colcon_pkg']
[0.550s] Level 1:colcon.colcon_core.package_identification:_identify(.) by extension 'colcon_pkg'
[0.550s] Level 1:colcon.colcon_core.package_identification:_identify(.) by extensions ['colcon_meta']
[0.551s] Level 1:colcon.colcon_core.package_identification:_identify(.) by extension 'colcon_meta'
[0.551s] Level 1:colcon.colcon_core.package_identification:_identify(.) by extensions ['ros']
[0.551s] Level 1:colcon.colcon_core.package_identification:_identify(.) by extension 'ros'
[0.568s] Level 1:colcon.colcon_core.package_identification:_identify(.) by extensions ['cmake', 'python']
[0.568s] Level 1:colcon.colcon_core.package_identification:_identify(.) by extension 'cmake'
[0.568s] Level 1:colcon.colcon_core.package_identification:_identify(.) by extension 'python'
[0.568s] Level 1:colcon.colcon_core.package_identification:_identify(.) by extensions ['python_setup_py']
[0.568s] Level 1:colcon.colcon_core.package_identification:_identify(.) by extension 'python_setup_py'
[0.569s] Level 1:colcon.colcon_core.package_identification:_identify(build) by extensions ['ignore', 'ignore_ament_install']
[0.569s] Level 1:colcon.colcon_core.package_identification:_identify(build) by extension 'ignore'
[0.569s] Level 1:colcon.colcon_core.package_identification:_identify(build) ignored
[0.569s] Level 1:colcon.colcon_core.package_identification:_identify(install) by extensions ['ignore', 'ignore_ament_install']
[0.569s] Level 1:colcon.colcon_core.package_identification:_identify(install) by extension 'ignore'
[0.569s] Level 1:colcon.colcon_core.package_identification:_identify(install) ignored
[0.570s] Level 1:colcon.colcon_core.package_identification:_identify(log) by extensions ['ignore', 'ignore_ament_install']
[0.570s] Level 1:colcon.colcon_core.package_identification:_identify(log) by extension 'ignore'
[0.570s] Level 1:colcon.colcon_core.package_identification:_identify(log) ignored
[0.570s] Level 1:colcon.colcon_core.package_identification:_identify(src) by extensions ['ignore', 'ignore_ament_install']
[0.570s] Level 1:colcon.colcon_core.package_identification:_identify(src) by extension 'ignore'
[0.570s] Level 1:colcon.colcon_core.package_identification:_identify(src) by extension 'ignore_ament_install'
[0.570s] Level 1:colcon.colcon_core.package_identification:_identify(src) by extensions ['colcon_pkg']
[0.570s] Level 1:colcon.colcon_core.package_identification:_identify(src) by extension 'colcon_pkg'
[0.570s] Level 1:colcon.colcon_core.package_identification:_identify(src) by extensions ['colcon_meta']
[0.571s] Level 1:colcon.colcon_core.package_identification:_identify(src) by extension 'colcon_meta'
[0.571s] Level 1:colcon.colcon_core.package_identification:_identify(src) by extensions ['ros']
[0.571s] Level 1:colcon.colcon_core.package_identification:_identify(src) by extension 'ros'
[0.571s] Level 1:colcon.colcon_core.package_identification:_identify(src) by extensions ['cmake', 'python']
[0.571s] Level 1:colcon.colcon_core.package_identification:_identify(src) by extension 'cmake'
[0.571s] Level 1:colcon.colcon_core.package_identification:_identify(src) by extension 'python'
[0.571s] Level 1:colcon.colcon_core.package_identification:_identify(src) by extensions ['python_setup_py']
[0.571s] Level 1:colcon.colcon_core.package_identification:_identify(src) by extension 'python_setup_py'
[0.571s] Level 1:colcon.colcon_core.package_identification:_identify(src/FAST_LIO_ROS2) by extensions ['ignore', 'ignore_ament_install']
[0.571s] Level 1:colcon.colcon_core.package_identification:_identify(src/FAST_LIO_ROS2) by extension 'ignore'
[0.572s] Level 1:colcon.colcon_core.package_identification:_identify(src/FAST_LIO_ROS2) by extension 'ignore_ament_install'
[0.572s] Level 1:colcon.colcon_core.package_identification:_identify(src/FAST_LIO_ROS2) by extensions ['colcon_pkg']
[0.572s] Level 1:colcon.colcon_core.package_identification:_identify(src/FAST_LIO_ROS2) by extension 'colcon_pkg'
[0.572s] Level 1:colcon.colcon_core.package_identification:_identify(src/FAST_LIO_ROS2) by extensions ['colcon_meta']
[0.572s] Level 1:colcon.colcon_core.package_identification:_identify(src/FAST_LIO_ROS2) by extension 'colcon_meta'
[0.572s] Level 1:colcon.colcon_core.package_identification:_identify(src/FAST_LIO_ROS2) by extensions ['ros']
[0.572s] Level 1:colcon.colcon_core.package_identification:_identify(src/FAST_LIO_ROS2) by extension 'ros'
[0.577s] DEBUG:colcon.colcon_core.package_identification:Package 'src/FAST_LIO_ROS2' with type 'ros.ament_cmake' and name 'fast_lio'
[0.577s] Level 1:colcon.colcon_core.package_identification:_identify(src/livox_ros_driver2) by extensions ['ignore', 'ignore_ament_install']
[0.577s] Level 1:colcon.colcon_core.package_identification:_identify(src/livox_ros_driver2) by extension 'ignore'
[0.578s] Level 1:colcon.colcon_core.package_identification:_identify(src/livox_ros_driver2) by extension 'ignore_ament_install'
[0.578s] Level 1:colcon.colcon_core.package_identification:_identify(src/livox_ros_driver2) by extensions ['colcon_pkg']
[0.578s] Level 1:colcon.colcon_core.package_identification:_identify(src/livox_ros_driver2) by extension 'colcon_pkg'
[0.578s] Level 1:colcon.colcon_core.package_identification:_identify(src/livox_ros_driver2) by extensions ['colcon_meta']
[0.578s] Level 1:colcon.colcon_core.package_identification:_identify(src/livox_ros_driver2) by extension 'colcon_meta'
[0.578s] Level 1:colcon.colcon_core.package_identification:_identify(src/livox_ros_driver2) by extensions ['ros']
[0.578s] Level 1:colcon.colcon_core.package_identification:_identify(src/livox_ros_driver2) by extension 'ros'
[0.580s] DEBUG:colcon.colcon_core.package_identification:Package 'src/livox_ros_driver2' with type 'ros.ament_cmake' and name 'livox_ros_driver2'
[0.580s] Level 1:colcon.colcon_core.package_discovery:discover_packages(recursive) using defaults
[0.580s] Level 1:colcon.colcon_core.package_discovery:discover_packages(ignore) discover
[0.580s] Level 1:colcon.colcon_core.package_discovery:discover_packages(ignore) using defaults
[0.581s] Level 1:colcon.colcon_core.package_discovery:discover_packages(path) discover
[0.581s] Level 1:colcon.colcon_core.package_discovery:discover_packages(path) using defaults
[0.609s] Level 1:colcon.colcon_core.package_discovery:discover_packages(prefix_path) check parameters
[0.609s] Level 1:colcon.colcon_core.package_discovery:discover_packages(prefix_path) discover
[0.612s] DEBUG:colcon.colcon_installed_package_information.package_discovery:Found 2 installed packages in /home/unitree/cyclonedds_ws/install
[0.614s] DEBUG:colcon.colcon_installed_package_information.package_discovery:Found 291 installed packages in /opt/ros/foxy
[0.616s] Level 1:colcon.colcon_core.package_discovery:discover_packages(prefix_path) using defaults
[0.739s] Level 5:colcon.colcon_core.verb:set package 'livox_ros_driver2' build argument 'cmake_args' from command line to 'None'
[0.739s] Level 5:colcon.colcon_core.verb:set package 'livox_ros_driver2' build argument 'cmake_target' from command line to 'None'
[0.739s] Level 5:colcon.colcon_core.verb:set package 'livox_ros_driver2' build argument 'cmake_target_skip_unavailable' from command line to 'False'
[0.739s] Level 5:colcon.colcon_core.verb:set package 'livox_ros_driver2' build argument 'cmake_clean_cache' from command line to 'False'
[0.739s] Level 5:colcon.colcon_core.verb:set package 'livox_ros_driver2' build argument 'cmake_clean_first' from command line to 'False'
[0.739s] Level 5:colcon.colcon_core.verb:set package 'livox_ros_driver2' build argument 'cmake_force_configure' from command line to 'False'
[0.739s] Level 5:colcon.colcon_core.verb:set package 'livox_ros_driver2' build argument 'ament_cmake_args' from command line to 'None'
[0.739s] Level 5:colcon.colcon_core.verb:set package 'livox_ros_driver2' build argument 'catkin_cmake_args' from command line to 'None'
[0.739s] Level 5:colcon.colcon_core.verb:set package 'livox_ros_driver2' build argument 'catkin_skip_building_tests' from command line to 'False'
[0.739s] DEBUG:colcon.colcon_core.verb:Building package 'livox_ros_driver2' with the following arguments: {'ament_cmake_args': None, 'build_base': '/home/unitree/projects/unitree_sdk2_python_g1/ws_livox/build/livox_ros_driver2', 'catkin_cmake_args': None, 'catkin_skip_building_tests': False, 'cmake_args': None, 'cmake_clean_cache': False, 'cmake_clean_first': False, 'cmake_force_configure': False, 'cmake_target': None, 'cmake_target_skip_unavailable': False, 'install_base': '/home/unitree/projects/unitree_sdk2_python_g1/ws_livox/install/livox_ros_driver2', 'merge_install': False, 'path': '/home/unitree/projects/unitree_sdk2_python_g1/ws_livox/src/livox_ros_driver2', 'symlink_install': True, 'test_result_base': None}
[0.740s] Level 5:colcon.colcon_core.verb:set package 'fast_lio' build argument 'cmake_args' from command line to 'None'
[0.740s] Level 5:colcon.colcon_core.verb:set package 'fast_lio' build argument 'cmake_target' from command line to 'None'
[0.740s] Level 5:colcon.colcon_core.verb:set package 'fast_lio' build argument 'cmake_target_skip_unavailable' from command line to 'False'
[0.740s] Level 5:colcon.colcon_core.verb:set package 'fast_lio' build argument 'cmake_clean_cache' from command line to 'False'
[0.740s] Level 5:colcon.colcon_core.verb:set package 'fast_lio' build argument 'cmake_clean_first' from command line to 'False'
[0.740s] Level 5:colcon.colcon_core.verb:set package 'fast_lio' build argument 'cmake_force_configure' from command line to 'False'
[0.740s] Level 5:colcon.colcon_core.verb:set package 'fast_lio' build argument 'ament_cmake_args' from command line to 'None'
[0.740s] Level 5:colcon.colcon_core.verb:set package 'fast_lio' build argument 'catkin_cmake_args' from command line to 'None'
[0.740s] Level 5:colcon.colcon_core.verb:set package 'fast_lio' build argument 'catkin_skip_building_tests' from command line to 'False'
[0.741s] DEBUG:colcon.colcon_core.verb:Building package 'fast_lio' with the following arguments: {'ament_cmake_args': None, 'build_base': '/home/unitree/projects/unitree_sdk2_python_g1/ws_livox/build/fast_lio', 'catkin_cmake_args': None, 'catkin_skip_building_tests': False, 'cmake_args': None, 'cmake_clean_cache': False, 'cmake_clean_first': False, 'cmake_force_configure': False, 'cmake_target': None, 'cmake_target_skip_unavailable': False, 'install_base': '/home/unitree/projects/unitree_sdk2_python_g1/ws_livox/install/fast_lio', 'merge_install': False, 'path': '/home/unitree/projects/unitree_sdk2_python_g1/ws_livox/src/FAST_LIO_ROS2', 'symlink_install': True, 'test_result_base': None}
[0.741s] INFO:colcon.colcon_core.executor:Executing jobs using 'parallel' executor
[0.743s] DEBUG:colcon.colcon_parallel_executor.executor.parallel:run_until_complete
[0.744s] INFO:colcon.colcon_ros.task.ament_cmake.build:Building ROS package in '/home/unitree/projects/unitree_sdk2_python_g1/ws_livox/src/livox_ros_driver2' with build type 'ament_cmake'
[0.744s] INFO:colcon.colcon_cmake.task.cmake.build:Building CMake package in '/home/unitree/projects/unitree_sdk2_python_g1/ws_livox/src/livox_ros_driver2'
[0.747s] INFO:colcon.colcon_core.plugin_system:Skipping extension 'colcon_core.shell.bat': Not used on non-Windows systems
[0.748s] INFO:colcon.colcon_core.shell:Skip shell extension 'powershell' for command environment: Not usable outside of PowerShell
[0.748s] DEBUG:colcon.colcon_core.shell:Skip shell extension 'dsv' for command environment
[0.766s] DEBUG:colcon.colcon_core.event_handler.log_command:Invoking command in '/home/unitree/projects/unitree_sdk2_python_g1/ws_livox/build/livox_ros_driver2': CMAKE_PREFIX_PATH=${CMAKE_PREFIX_PATH}:/opt/ros/foxy /home/unitree/.local/bin/cmake /home/unitree/projects/unitree_sdk2_python_g1/ws_livox/src/livox_ros_driver2 -DAMENT_CMAKE_SYMLINK_INSTALL=1 -DCMAKE_INSTALL_PREFIX=/home/unitree/projects/unitree_sdk2_python_g1/ws_livox/install/livox_ros_driver2
[4.048s] DEBUG:colcon.colcon_core.event_handler.log_command:Invoked command in '/home/unitree/projects/unitree_sdk2_python_g1/ws_livox/build/livox_ros_driver2' returned '0': CMAKE_PREFIX_PATH=${CMAKE_PREFIX_PATH}:/opt/ros/foxy /home/unitree/.local/bin/cmake /home/unitree/projects/unitree_sdk2_python_g1/ws_livox/src/livox_ros_driver2 -DAMENT_CMAKE_SYMLINK_INSTALL=1 -DCMAKE_INSTALL_PREFIX=/home/unitree/projects/unitree_sdk2_python_g1/ws_livox/install/livox_ros_driver2
[4.057s] DEBUG:colcon.colcon_core.event_handler.log_command:Invoking command in '/home/unitree/projects/unitree_sdk2_python_g1/ws_livox/build/livox_ros_driver2': CMAKE_PREFIX_PATH=${CMAKE_PREFIX_PATH}:/opt/ros/foxy /home/unitree/.local/bin/cmake --build /home/unitree/projects/unitree_sdk2_python_g1/ws_livox/build/livox_ros_driver2 -- -j8 -l8
[22.915s] DEBUG:colcon.colcon_core.event_handler.log_command:Invoked command in '/home/unitree/projects/unitree_sdk2_python_g1/ws_livox/build/livox_ros_driver2' returned '0': CMAKE_PREFIX_PATH=${CMAKE_PREFIX_PATH}:/opt/ros/foxy /home/unitree/.local/bin/cmake --build /home/unitree/projects/unitree_sdk2_python_g1/ws_livox/build/livox_ros_driver2 -- -j8 -l8
[23.084s] DEBUG:colcon.colcon_core.event_handler.log_command:Invoking command in '/home/unitree/projects/unitree_sdk2_python_g1/ws_livox/build/livox_ros_driver2': CMAKE_PREFIX_PATH=${CMAKE_PREFIX_PATH}:/opt/ros/foxy /home/unitree/.local/bin/cmake --install /home/unitree/projects/unitree_sdk2_python_g1/ws_livox/build/livox_ros_driver2
[23.510s] Level 1:colcon.colcon_core.environment:create_environment_scripts_only(livox_ros_driver2)
[23.512s] DEBUG:colcon.colcon_core.event_handler.log_command:Invoked command in '/home/unitree/projects/unitree_sdk2_python_g1/ws_livox/build/livox_ros_driver2' returned '0': CMAKE_PREFIX_PATH=${CMAKE_PREFIX_PATH}:/opt/ros/foxy /home/unitree/.local/bin/cmake --install /home/unitree/projects/unitree_sdk2_python_g1/ws_livox/build/livox_ros_driver2
[23.518s] Level 1:colcon.colcon_core.environment:checking '/home/unitree/projects/unitree_sdk2_python_g1/ws_livox/install/livox_ros_driver2' for CMake module files
[23.520s] Level 1:colcon.colcon_core.environment:checking '/home/unitree/projects/unitree_sdk2_python_g1/ws_livox/install/livox_ros_driver2' for CMake config files
[23.522s] Level 1:colcon.colcon_core.shell:create_environment_hook('livox_ros_driver2', 'cmake_prefix_path')
[23.522s] INFO:colcon.colcon_core.shell:Creating environment hook '/home/unitree/projects/unitree_sdk2_python_g1/ws_livox/install/livox_ros_driver2/share/livox_ros_driver2/hook/cmake_prefix_path.ps1'
[23.524s] INFO:colcon.colcon_core.shell:Creating environment descriptor '/home/unitree/projects/unitree_sdk2_python_g1/ws_livox/install/livox_ros_driver2/share/livox_ros_driver2/hook/cmake_prefix_path.dsv'
[23.525s] INFO:colcon.colcon_core.shell:Creating environment hook '/home/unitree/projects/unitree_sdk2_python_g1/ws_livox/install/livox_ros_driver2/share/livox_ros_driver2/hook/cmake_prefix_path.sh'
[23.528s] Level 1:colcon.colcon_core.environment:checking '/home/unitree/projects/unitree_sdk2_python_g1/ws_livox/install/livox_ros_driver2/lib'
[23.529s] Level 1:colcon.colcon_core.shell:create_environment_hook('livox_ros_driver2', 'ld_library_path_lib')
[23.529s] INFO:colcon.colcon_core.shell:Creating environment hook '/home/unitree/projects/unitree_sdk2_python_g1/ws_livox/install/livox_ros_driver2/share/livox_ros_driver2/hook/ld_library_path_lib.ps1'
[23.530s] INFO:colcon.colcon_core.shell:Creating environment descriptor '/home/unitree/projects/unitree_sdk2_python_g1/ws_livox/install/livox_ros_driver2/share/livox_ros_driver2/hook/ld_library_path_lib.dsv'
[23.531s] INFO:colcon.colcon_core.shell:Creating environment hook '/home/unitree/projects/unitree_sdk2_python_g1/ws_livox/install/livox_ros_driver2/share/livox_ros_driver2/hook/ld_library_path_lib.sh'
[23.532s] Level 1:colcon.colcon_core.environment:checking '/home/unitree/projects/unitree_sdk2_python_g1/ws_livox/install/livox_ros_driver2/bin'
[23.532s] Level 1:colcon.colcon_core.environment:checking '/home/unitree/projects/unitree_sdk2_python_g1/ws_livox/install/livox_ros_driver2/lib/pkgconfig/livox_ros_driver2.pc'
[23.533s] Level 1:colcon.colcon_core.environment:checking '/home/unitree/projects/unitree_sdk2_python_g1/ws_livox/install/livox_ros_driver2/lib/python3.8/site-packages'
[23.533s] Level 1:colcon.colcon_core.shell:create_environment_hook('livox_ros_driver2', 'pythonpath')
[23.534s] INFO:colcon.colcon_core.shell:Creating environment hook '/home/unitree/projects/unitree_sdk2_python_g1/ws_livox/install/livox_ros_driver2/share/livox_ros_driver2/hook/pythonpath.ps1'
[23.535s] INFO:colcon.colcon_core.shell:Creating environment descriptor '/home/unitree/projects/unitree_sdk2_python_g1/ws_livox/install/livox_ros_driver2/share/livox_ros_driver2/hook/pythonpath.dsv'
[23.536s] INFO:colcon.colcon_core.shell:Creating environment hook '/home/unitree/projects/unitree_sdk2_python_g1/ws_livox/install/livox_ros_driver2/share/livox_ros_driver2/hook/pythonpath.sh'
[23.537s] Level 1:colcon.colcon_core.environment:checking '/home/unitree/projects/unitree_sdk2_python_g1/ws_livox/install/livox_ros_driver2/bin'
[23.538s] INFO:colcon.colcon_core.shell:Creating package script '/home/unitree/projects/unitree_sdk2_python_g1/ws_livox/install/livox_ros_driver2/share/livox_ros_driver2/package.ps1'
[23.540s] INFO:colcon.colcon_core.shell:Creating package descriptor '/home/unitree/projects/unitree_sdk2_python_g1/ws_livox/install/livox_ros_driver2/share/livox_ros_driver2/package.dsv'
[23.542s] INFO:colcon.colcon_core.shell:Creating package script '/home/unitree/projects/unitree_sdk2_python_g1/ws_livox/install/livox_ros_driver2/share/livox_ros_driver2/package.sh'
[23.544s] INFO:colcon.colcon_core.shell:Creating package script '/home/unitree/projects/unitree_sdk2_python_g1/ws_livox/install/livox_ros_driver2/share/livox_ros_driver2/package.bash'
[23.545s] INFO:colcon.colcon_core.shell:Creating package script '/home/unitree/projects/unitree_sdk2_python_g1/ws_livox/install/livox_ros_driver2/share/livox_ros_driver2/package.zsh'
[23.547s] Level 1:colcon.colcon_core.environment:create_file_with_runtime_dependencies(/home/unitree/projects/unitree_sdk2_python_g1/ws_livox/install/livox_ros_driver2/share/colcon-core/packages/livox_ros_driver2)
[23.696s] Level 1:colcon.colcon_core.environment:create_environment_scripts_only(livox_ros_driver2)
[23.698s] Level 1:colcon.colcon_core.environment:checking '/home/unitree/projects/unitree_sdk2_python_g1/ws_livox/install/livox_ros_driver2' for CMake module files
[23.700s] Level 1:colcon.colcon_core.environment:checking '/home/unitree/projects/unitree_sdk2_python_g1/ws_livox/install/livox_ros_driver2' for CMake config files
[23.702s] Level 1:colcon.colcon_core.shell:create_environment_hook('livox_ros_driver2', 'cmake_prefix_path')
[23.702s] INFO:colcon.colcon_core.shell:Creating environment hook '/home/unitree/projects/unitree_sdk2_python_g1/ws_livox/install/livox_ros_driver2/share/livox_ros_driver2/hook/cmake_prefix_path.ps1'
[23.704s] INFO:colcon.colcon_core.shell:Creating environment descriptor '/home/unitree/projects/unitree_sdk2_python_g1/ws_livox/install/livox_ros_driver2/share/livox_ros_driver2/hook/cmake_prefix_path.dsv'
[23.705s] INFO:colcon.colcon_core.shell:Creating environment hook '/home/unitree/projects/unitree_sdk2_python_g1/ws_livox/install/livox_ros_driver2/share/livox_ros_driver2/hook/cmake_prefix_path.sh'
[23.707s] Level 1:colcon.colcon_core.environment:checking '/home/unitree/projects/unitree_sdk2_python_g1/ws_livox/install/livox_ros_driver2/lib'
[23.707s] Level 1:colcon.colcon_core.shell:create_environment_hook('livox_ros_driver2', 'ld_library_path_lib')
[23.708s] INFO:colcon.colcon_core.shell:Creating environment hook '/home/unitree/projects/unitree_sdk2_python_g1/ws_livox/install/livox_ros_driver2/share/livox_ros_driver2/hook/ld_library_path_lib.ps1'
[23.709s] INFO:colcon.colcon_core.shell:Creating environment descriptor '/home/unitree/projects/unitree_sdk2_python_g1/ws_livox/install/livox_ros_driver2/share/livox_ros_driver2/hook/ld_library_path_lib.dsv'
[23.710s] INFO:colcon.colcon_core.shell:Creating environment hook '/home/unitree/projects/unitree_sdk2_python_g1/ws_livox/install/livox_ros_driver2/share/livox_ros_driver2/hook/ld_library_path_lib.sh'
[23.711s] Level 1:colcon.colcon_core.environment:checking '/home/unitree/projects/unitree_sdk2_python_g1/ws_livox/install/livox_ros_driver2/bin'
[23.711s] Level 1:colcon.colcon_core.environment:checking '/home/unitree/projects/unitree_sdk2_python_g1/ws_livox/install/livox_ros_driver2/lib/pkgconfig/livox_ros_driver2.pc'
[23.711s] Level 1:colcon.colcon_core.environment:checking '/home/unitree/projects/unitree_sdk2_python_g1/ws_livox/install/livox_ros_driver2/lib/python3.8/site-packages'
[23.712s] Level 1:colcon.colcon_core.shell:create_environment_hook('livox_ros_driver2', 'pythonpath')
[23.712s] INFO:colcon.colcon_core.shell:Creating environment hook '/home/unitree/projects/unitree_sdk2_python_g1/ws_livox/install/livox_ros_driver2/share/livox_ros_driver2/hook/pythonpath.ps1'
[23.713s] INFO:colcon.colcon_core.shell:Creating environment descriptor '/home/unitree/projects/unitree_sdk2_python_g1/ws_livox/install/livox_ros_driver2/share/livox_ros_driver2/hook/pythonpath.dsv'
[23.714s] INFO:colcon.colcon_core.shell:Creating environment hook '/home/unitree/projects/unitree_sdk2_python_g1/ws_livox/install/livox_ros_driver2/share/livox_ros_driver2/hook/pythonpath.sh'
[23.715s] Level 1:colcon.colcon_core.environment:checking '/home/unitree/projects/unitree_sdk2_python_g1/ws_livox/install/livox_ros_driver2/bin'
[23.716s] INFO:colcon.colcon_core.shell:Creating package script '/home/unitree/projects/unitree_sdk2_python_g1/ws_livox/install/livox_ros_driver2/share/livox_ros_driver2/package.ps1'
[23.717s] INFO:colcon.colcon_core.shell:Creating package descriptor '/home/unitree/projects/unitree_sdk2_python_g1/ws_livox/install/livox_ros_driver2/share/livox_ros_driver2/package.dsv'
[23.719s] INFO:colcon.colcon_core.shell:Creating package script '/home/unitree/projects/unitree_sdk2_python_g1/ws_livox/install/livox_ros_driver2/share/livox_ros_driver2/package.sh'
[23.720s] INFO:colcon.colcon_core.shell:Creating package script '/home/unitree/projects/unitree_sdk2_python_g1/ws_livox/install/livox_ros_driver2/share/livox_ros_driver2/package.bash'
[23.721s] INFO:colcon.colcon_core.shell:Creating package script '/home/unitree/projects/unitree_sdk2_python_g1/ws_livox/install/livox_ros_driver2/share/livox_ros_driver2/package.zsh'
[23.722s] Level 1:colcon.colcon_core.environment:create_file_with_runtime_dependencies(/home/unitree/projects/unitree_sdk2_python_g1/ws_livox/install/livox_ros_driver2/share/colcon-core/packages/livox_ros_driver2)
[23.723s] INFO:colcon.colcon_ros.task.ament_cmake.build:Building ROS package in '/home/unitree/projects/unitree_sdk2_python_g1/ws_livox/src/FAST_LIO_ROS2' with build type 'ament_cmake'
[23.723s] INFO:colcon.colcon_cmake.task.cmake.build:Building CMake package in '/home/unitree/projects/unitree_sdk2_python_g1/ws_livox/src/FAST_LIO_ROS2'
[23.724s] INFO:colcon.colcon_core.shell:Skip shell extension 'powershell' for command environment: Not usable outside of PowerShell
[23.725s] DEBUG:colcon.colcon_core.shell:Skip shell extension 'dsv' for command environment
[23.751s] DEBUG:colcon.colcon_core.event_handler.log_command:Invoking command in '/home/unitree/projects/unitree_sdk2_python_g1/ws_livox/build/fast_lio': AMENT_PREFIX_PATH=/home/unitree/projects/unitree_sdk2_python_g1/ws_livox/install/livox_ros_driver2:${AMENT_PREFIX_PATH} CMAKE_PREFIX_PATH=/home/unitree/projects/unitree_sdk2_python_g1/ws_livox/install/livox_ros_driver2:/home/unitree/cyclonedds_ws/install/rmw_cyclonedds_cpp:/home/unitree/cyclonedds_ws/install/cyclonedds:/opt/ros/foxy LD_LIBRARY_PATH=/home/unitree/projects/unitree_sdk2_python_g1/ws_livox/install/livox_ros_driver2/lib:/usr/local/cuda-11.4/lib64:/usr/local/lib:/home/unitree/cyclonedds_ws/install/rmw_cyclonedds_cpp/lib:/home/unitree/cyclonedds_ws/install/cyclonedds/lib:/opt/ros/foxy/opt/yaml_cpp_vendor/lib:/opt/ros/foxy/opt/rviz_ogre_vendor/lib:/opt/ros/foxy/lib/aarch64-linux-gnu:/opt/ros/foxy/lib:/usr/local/cuda-11.4/lib64 PYTHONPATH=/home/unitree/projects/unitree_sdk2_python_g1/ws_livox/install/livox_ros_driver2/lib/python3.8/site-packages:${PYTHONPATH} /home/unitree/.local/bin/cmake /home/unitree/projects/unitree_sdk2_python_g1/ws_livox/src/FAST_LIO_ROS2 -DAMENT_CMAKE_SYMLINK_INSTALL=1 -DCMAKE_INSTALL_PREFIX=/home/unitree/projects/unitree_sdk2_python_g1/ws_livox/install/fast_lio
[26.367s] DEBUG:colcon.colcon_core.event_handler.log_command:Invoked command in '/home/unitree/projects/unitree_sdk2_python_g1/ws_livox/build/fast_lio' returned '1': AMENT_PREFIX_PATH=/home/unitree/projects/unitree_sdk2_python_g1/ws_livox/install/livox_ros_driver2:${AMENT_PREFIX_PATH} CMAKE_PREFIX_PATH=/home/unitree/projects/unitree_sdk2_python_g1/ws_livox/install/livox_ros_driver2:/home/unitree/cyclonedds_ws/install/rmw_cyclonedds_cpp:/home/unitree/cyclonedds_ws/install/cyclonedds:/opt/ros/foxy LD_LIBRARY_PATH=/home/unitree/projects/unitree_sdk2_python_g1/ws_livox/install/livox_ros_driver2/lib:/usr/local/cuda-11.4/lib64:/usr/local/lib:/home/unitree/cyclonedds_ws/install/rmw_cyclonedds_cpp/lib:/home/unitree/cyclonedds_ws/install/cyclonedds/lib:/opt/ros/foxy/opt/yaml_cpp_vendor/lib:/opt/ros/foxy/opt/rviz_ogre_vendor/lib:/opt/ros/foxy/lib/aarch64-linux-gnu:/opt/ros/foxy/lib:/usr/local/cuda-11.4/lib64 PYTHONPATH=/home/unitree/projects/unitree_sdk2_python_g1/ws_livox/install/livox_ros_driver2/lib/python3.8/site-packages:${PYTHONPATH} /home/unitree/.local/bin/cmake /home/unitree/projects/unitree_sdk2_python_g1/ws_livox/src/FAST_LIO_ROS2 -DAMENT_CMAKE_SYMLINK_INSTALL=1 -DCMAKE_INSTALL_PREFIX=/home/unitree/projects/unitree_sdk2_python_g1/ws_livox/install/fast_lio
[26.382s] Level 1:colcon.colcon_core.environment:create_environment_scripts_only(fast_lio)
[26.384s] Level 1:colcon.colcon_core.environment:checking '/home/unitree/projects/unitree_sdk2_python_g1/ws_livox/install/fast_lio' for CMake module files
[26.385s] Level 1:colcon.colcon_core.environment:checking '/home/unitree/projects/unitree_sdk2_python_g1/ws_livox/install/fast_lio' for CMake config files
[26.386s] Level 1:colcon.colcon_core.environment:checking '/home/unitree/projects/unitree_sdk2_python_g1/ws_livox/install/fast_lio/bin'
[26.386s] Level 1:colcon.colcon_core.environment:checking '/home/unitree/projects/unitree_sdk2_python_g1/ws_livox/install/fast_lio/lib/pkgconfig/fast_lio.pc'
[26.387s] Level 1:colcon.colcon_core.environment:checking '/home/unitree/projects/unitree_sdk2_python_g1/ws_livox/install/fast_lio/lib/python3.8/site-packages'
[26.388s] Level 1:colcon.colcon_core.environment:checking '/home/unitree/projects/unitree_sdk2_python_g1/ws_livox/install/fast_lio/bin'
[26.389s] INFO:colcon.colcon_core.shell:Creating package script '/home/unitree/projects/unitree_sdk2_python_g1/ws_livox/install/fast_lio/share/fast_lio/package.ps1'
[26.391s] INFO:colcon.colcon_core.shell:Creating package descriptor '/home/unitree/projects/unitree_sdk2_python_g1/ws_livox/install/fast_lio/share/fast_lio/package.dsv'
[26.392s] INFO:colcon.colcon_core.shell:Creating package script '/home/unitree/projects/unitree_sdk2_python_g1/ws_livox/install/fast_lio/share/fast_lio/package.sh'
[26.393s] INFO:colcon.colcon_core.shell:Creating package script '/home/unitree/projects/unitree_sdk2_python_g1/ws_livox/install/fast_lio/share/fast_lio/package.bash'
[26.394s] INFO:colcon.colcon_core.shell:Creating package script '/home/unitree/projects/unitree_sdk2_python_g1/ws_livox/install/fast_lio/share/fast_lio/package.zsh'
[26.395s] Level 1:colcon.colcon_core.environment:create_file_with_runtime_dependencies(/home/unitree/projects/unitree_sdk2_python_g1/ws_livox/install/fast_lio/share/colcon-core/packages/fast_lio)
[26.407s] DEBUG:colcon.colcon_parallel_executor.executor.parallel:closing loop
[26.408s] DEBUG:colcon.colcon_parallel_executor.executor.parallel:loop closed
[26.408s] DEBUG:colcon.colcon_parallel_executor.executor.parallel:run_until_complete finished with '1'
[26.408s] DEBUG:colcon.colcon_core.event_reactor:joining thread
[26.424s] INFO:colcon.colcon_core.plugin_system:Skipping extension 'colcon_notification.desktop_notification.terminal_notifier': Not used on non-Darwin systems
[26.424s] INFO:colcon.colcon_core.plugin_system:Skipping extension 'colcon_notification.desktop_notification.win32': Not used on non-Windows systems
[26.425s] INFO:colcon.colcon_notification.desktop_notification:Sending desktop notification using 'notify2'
[26.448s] DEBUG:colcon.colcon_notification.desktop_notification.notify2:Failed to initialize notify2: org.freedesktop.DBus.Error.Spawn.ChildExited: Process org.freedesktop.Notifications exited with status 1
[26.448s] DEBUG:colcon.colcon_core.event_reactor:joined thread
[26.450s] INFO:colcon.colcon_core.shell:Creating prefix script '/home/unitree/projects/unitree_sdk2_python_g1/ws_livox/install/local_setup.ps1'
[26.453s] INFO:colcon.colcon_core.shell:Creating prefix util module '/home/unitree/projects/unitree_sdk2_python_g1/ws_livox/install/_local_setup_util_ps1.py'
[26.458s] INFO:colcon.colcon_core.shell:Creating prefix chain script '/home/unitree/projects/unitree_sdk2_python_g1/ws_livox/install/setup.ps1'
[26.461s] INFO:colcon.colcon_core.shell:Creating prefix script '/home/unitree/projects/unitree_sdk2_python_g1/ws_livox/install/local_setup.sh'
[26.463s] INFO:colcon.colcon_core.shell:Creating prefix util module '/home/unitree/projects/unitree_sdk2_python_g1/ws_livox/install/_local_setup_util_sh.py'
[26.465s] INFO:colcon.colcon_core.shell:Creating prefix chain script '/home/unitree/projects/unitree_sdk2_python_g1/ws_livox/install/setup.sh'
[26.468s] INFO:colcon.colcon_core.shell:Creating prefix script '/home/unitree/projects/unitree_sdk2_python_g1/ws_livox/install/local_setup.bash'
[26.470s] INFO:colcon.colcon_core.shell:Creating prefix chain script '/home/unitree/projects/unitree_sdk2_python_g1/ws_livox/install/setup.bash'
[26.472s] INFO:colcon.colcon_core.shell:Creating prefix script '/home/unitree/projects/unitree_sdk2_python_g1/ws_livox/install/local_setup.zsh'
[26.474s] INFO:colcon.colcon_core.shell:Creating prefix chain script '/home/unitree/projects/unitree_sdk2_python_g1/ws_livox/install/setup.zsh'
