-- The C compiler identification is GNU 9.4.0
-- The CXX compiler identification is GNU 9.4.0
-- Check for working C compiler: /usr/bin/cc
-- Check for working C compiler: /usr/bin/cc -- works
-- Detecting C compiler ABI info
-- Detecting C compiler ABI info - done
-- Detecting C compile features
-- Detecting C compile features - done
-- Check for working CXX compiler: /usr/bin/c++
-- Check for working CXX compiler: /usr/bin/c++ -- works
-- Detecting CXX compiler ABI info
-- Detecting CXX compiler ABI info - done
-- Detecting CXX compile features
-- Detecting CXX compile features - done
-- Checking for module 'eigen3'
--   Found eigen3, version 3.4.0
-- Found Eigen: /usr/include/eigen3 (Required is at least version "3.1") 
-- Eigen found (include: /usr/include/eigen3, version: 3.3.7)
-- Checking for module 'flann'
--   Found flann, version 1.9.1
-- Found FLANN: /usr/lib/aarch64-linux-gnu/libflann_cpp.so  
-- The imported target "vtkParseOGLExt" references the file
   "/usr/bin/vtkParseOGLExt-7.1"
but this file does not exist.  Possible reasons include:
* The file was deleted, renamed, or moved to another location.
* An install or uninstall procedure did not complete successfully.
* The installation package was faulty and contained
   "/usr/lib/cmake/vtk-7.1/VTKTargets.cmake"
but not all the files it references.

-- The imported target "vtkRenderingPythonTkWidgets" references the file
   "/usr/lib/aarch64-linux-gnu/libvtkRenderingPythonTkWidgets.so"
but this file does not exist.  Possible reasons include:
* The file was deleted, renamed, or moved to another location.
* An install or uninstall procedure did not complete successfully.
* The installation package was faulty and contained
   "/usr/lib/cmake/vtk-7.1/VTKTargets.cmake"
but not all the files it references.

-- The imported target "vtk" references the file
   "/usr/bin/vtk"
but this file does not exist.  Possible reasons include:
* The file was deleted, renamed, or moved to another location.
* An install or uninstall procedure did not complete successfully.
* The installation package was faulty and contained
   "/usr/lib/cmake/vtk-7.1/VTKTargets.cmake"
but not all the files it references.

-- The imported target "pvtk" references the file
   "/usr/bin/pvtk"
but this file does not exist.  Possible reasons include:
* The file was deleted, renamed, or moved to another location.
* An install or uninstall procedure did not complete successfully.
* The installation package was faulty and contained
   "/usr/lib/cmake/vtk-7.1/VTKTargets.cmake"
but not all the files it references.

-- Checking for module 'libusb-1.0'
--   Found libusb-1.0, version 1.0.23
-- Found USB_10: /usr/lib/aarch64-linux-gnu/libusb-1.0.so  
-- OpenNI found (include: /usr/include/ni, lib: /usr/lib/libOpenNI.so)
-- OpenNI2 found (include: /usr/include/openni2, lib: /usr/lib/libOpenNI2.so)
-- Found libusb-1.0: /usr/include  
-- Found Qhull: optimized;/usr/lib/aarch64-linux-gnu/libqhull.so;debug;/usr/lib/aarch64-linux-gnu/libqhull.so  
-- QHULL found (include: /usr/include, lib: optimized;/usr/lib/aarch64-linux-gnu/libqhull.so;debug;/usr/lib/aarch64-linux-gnu/libqhull.so)
-- Found PCL_COMMON: /usr/lib/aarch64-linux-gnu/libpcl_common.so  
-- Could NOT find PCL_CORE (missing: PCL_CORE_LIBRARY PCL_CORE_INCLUDE_DIR) 
-- Found PCL_KDTREE: /usr/lib/aarch64-linux-gnu/libpcl_kdtree.so  
-- Found PCL_OCTREE: /usr/lib/aarch64-linux-gnu/libpcl_octree.so  
-- Found PCL_SEARCH: /usr/lib/aarch64-linux-gnu/libpcl_search.so  
-- Found PCL_2D: /usr/include/pcl-1.10  
-- Found PCL_FEATURES: /usr/lib/aarch64-linux-gnu/libpcl_features.so  
-- Found PCL_SAMPLE_CONSENSUS: /usr/lib/aarch64-linux-gnu/libpcl_sample_consensus.so  
-- Found PCL_FILTERS: /usr/lib/aarch64-linux-gnu/libpcl_filters.so  
-- Found PCL_IO: /usr/lib/aarch64-linux-gnu/libpcl_io.so  
-- Found PCL_GEOMETRY: /usr/include/pcl-1.10  
-- Found PCL_ML: /usr/lib/aarch64-linux-gnu/libpcl_ml.so  
-- Found PCL_SEGMENTATION: /usr/lib/aarch64-linux-gnu/libpcl_segmentation.so  
-- Found PCL_SURFACE: /usr/lib/aarch64-linux-gnu/libpcl_surface.so  
-- Found ament_cmake_ros: 0.9.2 (/opt/ros/foxy/share/ament_cmake_ros/cmake)
-- Found PythonInterp: /usr/bin/python3.8 (found suitable version "3.8.10", minimum required is "3") 
-- Using PYTHON_EXECUTABLE: /usr/bin/python3.8
-- Found pcl_conversions: 2.2.1 (/opt/ros/foxy/share/pcl_conversions/cmake)
-- Using all available rosidl_typesupport_c: rosidl_typesupport_fastrtps_c;rosidl_typesupport_introspection_c
-- Found rosidl_adapter: 1.3.1 (/opt/ros/foxy/share/rosidl_adapter/cmake)
-- Found OpenSSL: /usr/lib/aarch64-linux-gnu/libcrypto.so (found version "1.1.1f")  
-- Found FastRTPS: /opt/ros/foxy/include  
-- Using all available rosidl_typesupport_cpp: rosidl_typesupport_fastrtps_cpp;rosidl_typesupport_introspection_cpp
-- Found rmw_implementation_cmake: 1.0.4 (/opt/ros/foxy/share/rmw_implementation_cmake/cmake)
-- Using RMW implementation 'rmw_cyclonedds_cpp' as default
-- Looking for pthread.h
-- Looking for pthread.h - found
-- Performing Test CMAKE_HAVE_LIBC_PTHREAD
-- Performing Test CMAKE_HAVE_LIBC_PTHREAD - Failed
-- Looking for pthread_create in pthreads
-- Looking for pthread_create in pthreads - not found
-- Looking for pthread_create in pthread
-- Looking for pthread_create in pthread - found
-- Found Threads: TRUE  
-- Found tf2: 0.13.14 (/opt/ros/foxy/share/tf2/cmake)
-- Found tf2_geometry_msgs: 0.13.14 (/opt/ros/foxy/share/tf2_geometry_msgs/cmake)
-- Found eigen3_cmake_module: 0.1.1 (/opt/ros/foxy/share/eigen3_cmake_module/cmake)
-- Found Eigen3: TRUE (found version "3.3.7") 
-- Found ament_lint_auto: 0.9.8 (/opt/ros/foxy/share/ament_lint_auto/cmake)
-- Added test 'cppcheck' to perform static code analysis on C / C++ code
-- Configured cppcheck include dirs: /home/unitree/projects/unitree_sdk2_python_g1/ws_lio_ros2/src/perception_pcl/pcl_ros/include
-- Configured cppcheck exclude dirs and/or files: 
-- Added test 'cpplint' to check C / C++ code against the Google style
-- Configured cpplint exclude dirs and/or files: 
-- Added test 'flake8' to check Python code syntax and style conventions
-- Added test 'lint_cmake' to check CMake code style
-- Added test 'pep257' to check Python code against some of the style conventions in PEP 257
-- Added test 'uncrustify' to check C / C++ code style
-- Configured uncrustify additional arguments: 
-- Added test 'xmllint' to check XML markup files
-- Configuring done
-- Generating done
CMake Warning:
  Manually-specified variables were not used by the project:

    Python3_EXECUTABLE


-- Build files have been written to: /home/unitree/projects/unitree_sdk2_python_g1/ws_lio_ros2/build/pcl_ros
[35m[1mScanning dependencies of target pcl_ros_tf[0m
[ 50%] [32mBuilding CXX object CMakeFiles/pcl_ros_tf.dir/src/transforms.cpp.o[0m
[100%] [32m[1mLinking CXX shared library libpcl_ros_tf.so[0m
[100%] Built target pcl_ros_tf
-- Install configuration: "Release"
-- Installing: /home/unitree/projects/unitree_sdk2_python_g1/ws_lio_ros2/install/pcl_ros/include
-- Installing: /home/unitree/projects/unitree_sdk2_python_g1/ws_lio_ros2/install/pcl_ros/include/pcl_ros
-- Installing: /home/unitree/projects/unitree_sdk2_python_g1/ws_lio_ros2/install/pcl_ros/include/pcl_ros/publisher.hpp
-- Installing: /home/unitree/projects/unitree_sdk2_python_g1/ws_lio_ros2/install/pcl_ros/include/pcl_ros/point_cloud.hpp
-- Installing: /home/unitree/projects/unitree_sdk2_python_g1/ws_lio_ros2/install/pcl_ros/include/pcl_ros/features
-- Installing: /home/unitree/projects/unitree_sdk2_python_g1/ws_lio_ros2/install/pcl_ros/include/pcl_ros/features/principal_curvatures.hpp
-- Installing: /home/unitree/projects/unitree_sdk2_python_g1/ws_lio_ros2/install/pcl_ros/include/pcl_ros/features/moment_invariants.hpp
-- Installing: /home/unitree/projects/unitree_sdk2_python_g1/ws_lio_ros2/install/pcl_ros/include/pcl_ros/features/normal_3d.hpp
-- Installing: /home/unitree/projects/unitree_sdk2_python_g1/ws_lio_ros2/install/pcl_ros/include/pcl_ros/features/normal_3d_omp.hpp
-- Installing: /home/unitree/projects/unitree_sdk2_python_g1/ws_lio_ros2/install/pcl_ros/include/pcl_ros/features/shot_omp.hpp
-- Installing: /home/unitree/projects/unitree_sdk2_python_g1/ws_lio_ros2/install/pcl_ros/include/pcl_ros/features/boundary.hpp
-- Installing: /home/unitree/projects/unitree_sdk2_python_g1/ws_lio_ros2/install/pcl_ros/include/pcl_ros/features/fpfh.hpp
-- Installing: /home/unitree/projects/unitree_sdk2_python_g1/ws_lio_ros2/install/pcl_ros/include/pcl_ros/features/pfh.hpp
-- Installing: /home/unitree/projects/unitree_sdk2_python_g1/ws_lio_ros2/install/pcl_ros/include/pcl_ros/features/vfh.hpp
-- Installing: /home/unitree/projects/unitree_sdk2_python_g1/ws_lio_ros2/install/pcl_ros/include/pcl_ros/features/feature.hpp
-- Installing: /home/unitree/projects/unitree_sdk2_python_g1/ws_lio_ros2/install/pcl_ros/include/pcl_ros/features/shot.hpp
-- Installing: /home/unitree/projects/unitree_sdk2_python_g1/ws_lio_ros2/install/pcl_ros/include/pcl_ros/features/fpfh_omp.hpp
-- Installing: /home/unitree/projects/unitree_sdk2_python_g1/ws_lio_ros2/install/pcl_ros/include/pcl_ros/features/normal_3d_tbb.hpp
-- Installing: /home/unitree/projects/unitree_sdk2_python_g1/ws_lio_ros2/install/pcl_ros/include/pcl_ros/pcl_nodelet.hpp
-- Installing: /home/unitree/projects/unitree_sdk2_python_g1/ws_lio_ros2/install/pcl_ros/include/pcl_ros/io
-- Installing: /home/unitree/projects/unitree_sdk2_python_g1/ws_lio_ros2/install/pcl_ros/include/pcl_ros/io/concatenate_data.hpp
-- Installing: /home/unitree/projects/unitree_sdk2_python_g1/ws_lio_ros2/install/pcl_ros/include/pcl_ros/io/pcd_io.hpp
-- Installing: /home/unitree/projects/unitree_sdk2_python_g1/ws_lio_ros2/install/pcl_ros/include/pcl_ros/io/concatenate_fields.hpp
-- Installing: /home/unitree/projects/unitree_sdk2_python_g1/ws_lio_ros2/install/pcl_ros/include/pcl_ros/io/bag_io.hpp
-- Installing: /home/unitree/projects/unitree_sdk2_python_g1/ws_lio_ros2/install/pcl_ros/include/pcl_ros/transforms.hpp
-- Installing: /home/unitree/projects/unitree_sdk2_python_g1/ws_lio_ros2/install/pcl_ros/include/pcl_ros/filters
-- Installing: /home/unitree/projects/unitree_sdk2_python_g1/ws_lio_ros2/install/pcl_ros/include/pcl_ros/filters/radius_outlier_removal.hpp
-- Installing: /home/unitree/projects/unitree_sdk2_python_g1/ws_lio_ros2/install/pcl_ros/include/pcl_ros/filters/voxel_grid.hpp
-- Installing: /home/unitree/projects/unitree_sdk2_python_g1/ws_lio_ros2/install/pcl_ros/include/pcl_ros/filters/filter.hpp
-- Installing: /home/unitree/projects/unitree_sdk2_python_g1/ws_lio_ros2/install/pcl_ros/include/pcl_ros/filters/crop_box.hpp
-- Installing: /home/unitree/projects/unitree_sdk2_python_g1/ws_lio_ros2/install/pcl_ros/include/pcl_ros/filters/extract_indices.hpp
-- Installing: /home/unitree/projects/unitree_sdk2_python_g1/ws_lio_ros2/install/pcl_ros/include/pcl_ros/filters/statistical_outlier_removal.hpp
-- Installing: /home/unitree/projects/unitree_sdk2_python_g1/ws_lio_ros2/install/pcl_ros/include/pcl_ros/filters/passthrough.hpp
-- Installing: /home/unitree/projects/unitree_sdk2_python_g1/ws_lio_ros2/install/pcl_ros/include/pcl_ros/filters/project_inliers.hpp
-- Installing: /home/unitree/projects/unitree_sdk2_python_g1/ws_lio_ros2/install/pcl_ros/include/pcl_ros/surface
-- Installing: /home/unitree/projects/unitree_sdk2_python_g1/ws_lio_ros2/install/pcl_ros/include/pcl_ros/surface/moving_least_squares.hpp
-- Installing: /home/unitree/projects/unitree_sdk2_python_g1/ws_lio_ros2/install/pcl_ros/include/pcl_ros/surface/convex_hull.hpp
-- Installing: /home/unitree/projects/unitree_sdk2_python_g1/ws_lio_ros2/install/pcl_ros/include/pcl_ros/impl
-- Installing: /home/unitree/projects/unitree_sdk2_python_g1/ws_lio_ros2/install/pcl_ros/include/pcl_ros/impl/transforms.hpp
-- Installing: /home/unitree/projects/unitree_sdk2_python_g1/ws_lio_ros2/install/pcl_ros/include/pcl_ros/segmentation
-- Installing: /home/unitree/projects/unitree_sdk2_python_g1/ws_lio_ros2/install/pcl_ros/include/pcl_ros/segmentation/segment_differences.hpp
-- Installing: /home/unitree/projects/unitree_sdk2_python_g1/ws_lio_ros2/install/pcl_ros/include/pcl_ros/segmentation/sac_segmentation.hpp
-- Installing: /home/unitree/projects/unitree_sdk2_python_g1/ws_lio_ros2/install/pcl_ros/include/pcl_ros/segmentation/extract_clusters.hpp
-- Installing: /home/unitree/projects/unitree_sdk2_python_g1/ws_lio_ros2/install/pcl_ros/include/pcl_ros/segmentation/extract_polygonal_prism_data.hpp
-- Installing: /home/unitree/projects/unitree_sdk2_python_g1/ws_lio_ros2/install/pcl_ros/lib/libpcl_ros_tf.so
-- Set runtime path of "/home/unitree/projects/unitree_sdk2_python_g1/ws_lio_ros2/install/pcl_ros/lib/libpcl_ros_tf.so" to ""
-- Installing: /home/unitree/projects/unitree_sdk2_python_g1/ws_lio_ros2/install/pcl_ros/share/pcl_ros/plugins
-- Installing: /home/unitree/projects/unitree_sdk2_python_g1/ws_lio_ros2/install/pcl_ros/share/pcl_ros/plugins/nodelet
-- Installing: /home/unitree/projects/unitree_sdk2_python_g1/ws_lio_ros2/install/pcl_ros/share/pcl_ros/plugins/nodelet/libpcl_ros_filters.xml
-- Installing: /home/unitree/projects/unitree_sdk2_python_g1/ws_lio_ros2/install/pcl_ros/share/pcl_ros/plugins/nodelet/libpcl_ros_surface.xml
-- Installing: /home/unitree/projects/unitree_sdk2_python_g1/ws_lio_ros2/install/pcl_ros/share/pcl_ros/plugins/nodelet/libpcl_ros_features.xml
-- Installing: /home/unitree/projects/unitree_sdk2_python_g1/ws_lio_ros2/install/pcl_ros/share/pcl_ros/plugins/nodelet/libpcl_ros_segmentation.xml
-- Installing: /home/unitree/projects/unitree_sdk2_python_g1/ws_lio_ros2/install/pcl_ros/share/pcl_ros/plugins/nodelet/libpcl_ros_io.xml
-- Installing: /home/unitree/projects/unitree_sdk2_python_g1/ws_lio_ros2/install/pcl_ros/share/pcl_ros/samples
-- Installing: /home/unitree/projects/unitree_sdk2_python_g1/ws_lio_ros2/install/pcl_ros/share/pcl_ros/samples/data
-- Installing: /home/unitree/projects/unitree_sdk2_python_g1/ws_lio_ros2/install/pcl_ros/share/pcl_ros/samples/data/.gitignore
-- Installing: /home/unitree/projects/unitree_sdk2_python_g1/ws_lio_ros2/install/pcl_ros/share/pcl_ros/samples/pcl_ros
-- Installing: /home/unitree/projects/unitree_sdk2_python_g1/ws_lio_ros2/install/pcl_ros/share/pcl_ros/samples/pcl_ros/features
-- Installing: /home/unitree/projects/unitree_sdk2_python_g1/ws_lio_ros2/install/pcl_ros/share/pcl_ros/samples/pcl_ros/features/sample_normal_3d.launch
-- Installing: /home/unitree/projects/unitree_sdk2_python_g1/ws_lio_ros2/install/pcl_ros/share/pcl_ros/samples/pcl_ros/io
-- Installing: /home/unitree/projects/unitree_sdk2_python_g1/ws_lio_ros2/install/pcl_ros/share/pcl_ros/samples/pcl_ros/io/sample_concatenate_data.launch
-- Installing: /home/unitree/projects/unitree_sdk2_python_g1/ws_lio_ros2/install/pcl_ros/share/pcl_ros/samples/pcl_ros/filters
-- Installing: /home/unitree/projects/unitree_sdk2_python_g1/ws_lio_ros2/install/pcl_ros/share/pcl_ros/samples/pcl_ros/filters/sample_voxel_grid.launch
-- Installing: /home/unitree/projects/unitree_sdk2_python_g1/ws_lio_ros2/install/pcl_ros/share/pcl_ros/samples/pcl_ros/filters/sample_statistical_outlier_removal.launch
-- Installing: /home/unitree/projects/unitree_sdk2_python_g1/ws_lio_ros2/install/pcl_ros/share/pcl_ros/samples/pcl_ros/filters/config
-- Installing: /home/unitree/projects/unitree_sdk2_python_g1/ws_lio_ros2/install/pcl_ros/share/pcl_ros/samples/pcl_ros/filters/config/statistical_outlier_removal.rviz
-- Installing: /home/unitree/projects/unitree_sdk2_python_g1/ws_lio_ros2/install/pcl_ros/share/pcl_ros/samples/pcl_ros/filters/config/voxel_grid.rviz
-- Installing: /home/unitree/projects/unitree_sdk2_python_g1/ws_lio_ros2/install/pcl_ros/share/pcl_ros/samples/pcl_ros/surface
-- Installing: /home/unitree/projects/unitree_sdk2_python_g1/ws_lio_ros2/install/pcl_ros/share/pcl_ros/samples/pcl_ros/surface/sample_convex_hull.launch
-- Installing: /home/unitree/projects/unitree_sdk2_python_g1/ws_lio_ros2/install/pcl_ros/share/pcl_ros/samples/pcl_ros/segmentation
-- Installing: /home/unitree/projects/unitree_sdk2_python_g1/ws_lio_ros2/install/pcl_ros/share/pcl_ros/samples/pcl_ros/segmentation/sample_extract_clusters.launch
-- Installing: /home/unitree/projects/unitree_sdk2_python_g1/ws_lio_ros2/install/pcl_ros/share/pcl_ros/environment/library_path.sh
-- Installing: /home/unitree/projects/unitree_sdk2_python_g1/ws_lio_ros2/install/pcl_ros/share/pcl_ros/environment/library_path.dsv
-- Installing: /home/unitree/projects/unitree_sdk2_python_g1/ws_lio_ros2/install/pcl_ros/share/ament_index/resource_index/package_run_dependencies/pcl_ros
-- Installing: /home/unitree/projects/unitree_sdk2_python_g1/ws_lio_ros2/install/pcl_ros/share/ament_index/resource_index/parent_prefix_path/pcl_ros
-- Installing: /home/unitree/projects/unitree_sdk2_python_g1/ws_lio_ros2/install/pcl_ros/share/pcl_ros/environment/ament_prefix_path.sh
-- Installing: /home/unitree/projects/unitree_sdk2_python_g1/ws_lio_ros2/install/pcl_ros/share/pcl_ros/environment/ament_prefix_path.dsv
-- Installing: /home/unitree/projects/unitree_sdk2_python_g1/ws_lio_ros2/install/pcl_ros/share/pcl_ros/environment/path.sh
-- Installing: /home/unitree/projects/unitree_sdk2_python_g1/ws_lio_ros2/install/pcl_ros/share/pcl_ros/environment/path.dsv
-- Installing: /home/unitree/projects/unitree_sdk2_python_g1/ws_lio_ros2/install/pcl_ros/share/pcl_ros/local_setup.bash
-- Installing: /home/unitree/projects/unitree_sdk2_python_g1/ws_lio_ros2/install/pcl_ros/share/pcl_ros/local_setup.sh
-- Installing: /home/unitree/projects/unitree_sdk2_python_g1/ws_lio_ros2/install/pcl_ros/share/pcl_ros/local_setup.zsh
-- Installing: /home/unitree/projects/unitree_sdk2_python_g1/ws_lio_ros2/install/pcl_ros/share/pcl_ros/local_setup.dsv
-- Installing: /home/unitree/projects/unitree_sdk2_python_g1/ws_lio_ros2/install/pcl_ros/share/pcl_ros/package.dsv
-- Installing: /home/unitree/projects/unitree_sdk2_python_g1/ws_lio_ros2/install/pcl_ros/share/ament_index/resource_index/packages/pcl_ros
-- Installing: /home/unitree/projects/unitree_sdk2_python_g1/ws_lio_ros2/install/pcl_ros/share/pcl_ros/cmake/export_pcl_rosExport.cmake
-- Installing: /home/unitree/projects/unitree_sdk2_python_g1/ws_lio_ros2/install/pcl_ros/share/pcl_ros/cmake/export_pcl_rosExport-release.cmake
-- Installing: /home/unitree/projects/unitree_sdk2_python_g1/ws_lio_ros2/install/pcl_ros/share/pcl_ros/cmake/ament_cmake_export_include_directories-extras.cmake
-- Installing: /home/unitree/projects/unitree_sdk2_python_g1/ws_lio_ros2/install/pcl_ros/share/pcl_ros/cmake/ament_cmake_export_libraries-extras.cmake
-- Installing: /home/unitree/projects/unitree_sdk2_python_g1/ws_lio_ros2/install/pcl_ros/share/pcl_ros/cmake/ament_cmake_export_dependencies-extras.cmake
-- Installing: /home/unitree/projects/unitree_sdk2_python_g1/ws_lio_ros2/install/pcl_ros/share/pcl_ros/cmake/ament_cmake_export_targets-extras.cmake
-- Installing: /home/unitree/projects/unitree_sdk2_python_g1/ws_lio_ros2/install/pcl_ros/share/pcl_ros/cmake/pcl_rosConfig.cmake
-- Installing: /home/unitree/projects/unitree_sdk2_python_g1/ws_lio_ros2/install/pcl_ros/share/pcl_ros/cmake/pcl_rosConfig-version.cmake
-- Installing: /home/unitree/projects/unitree_sdk2_python_g1/ws_lio_ros2/install/pcl_ros/share/pcl_ros/package.xml
