[0.315s] DEBUG:colcon:Command line arguments: ['/usr/bin/colcon', 'build', '--cmake-args', '-DROS_EDITION=ROS2', '-DHUMBLE_ROS=']
[0.315s] DEBUG:colcon:Parsed command line arguments: Namespace(allow_overriding=[], ament_cmake_args=None, base_paths=['.'], build_base='build', catkin_cmake_args=None, catkin_skip_building_tests=False, cmake_args=['-DROS_EDITION=ROS2', '-DHUMBLE_ROS='], cmake_clean_cache=False, cmake_clean_first=False, cmake_force_configure=False, cmake_target=None, cmake_target_skip_unavailable=False, continue_on_error=False, event_handlers=None, executor='parallel', ignore_user_meta=False, install_base='install', log_base=None, log_level=None, main=<bound method BuildVerb.main of <colcon_core.verb.build.BuildVerb object at 0xffff846d3550>>, merge_install=False, metas=['./colcon.meta'], packages_above=None, packages_above_and_dependencies=None, packages_above_depth=None, packages_end=None, packages_ignore=None, packages_ignore_regex=None, packages_select=None, packages_select_build_failed=False, packages_select_by_dep=None, packages_select_regex=None, packages_select_test_failures=False, packages_skip=None, packages_skip_build_finished=False, packages_skip_by_dep=None, packages_skip_regex=None, packages_skip_test_passed=False, packages_skip_up_to=None, packages_start=None, packages_up_to=None, packages_up_to_regex=None, parallel_workers=8, paths=None, symlink_install=False, test_result_base=None, verb_extension=<colcon_core.verb.build.BuildVerb object at 0xffff846d3550>, verb_name='build', verb_parser=<colcon_defaults.argument_parser.defaults.DefaultArgumentsDecorator object at 0xffff845859d0>)
[0.551s] Level 1:colcon.colcon_core.package_discovery:discover_packages(colcon_meta) check parameters
[0.551s] Level 1:colcon.colcon_core.package_discovery:discover_packages(recursive) check parameters
[0.551s] Level 1:colcon.colcon_core.package_discovery:discover_packages(ignore) check parameters
[0.551s] Level 1:colcon.colcon_core.package_discovery:discover_packages(path) check parameters
[0.551s] Level 1:colcon.colcon_core.package_discovery:discover_packages(colcon_meta) discover
[0.551s] Level 1:colcon.colcon_core.package_discovery:discover_packages(recursive) discover
[0.552s] INFO:colcon.colcon_core.package_discovery:Crawling recursively for packages in '/home/unitree/projects/unitree_sdk2_python_g1/ws_livox'
[0.552s] Level 1:colcon.colcon_core.package_identification:_identify(.) by extensions ['ignore', 'ignore_ament_install']
[0.552s] Level 1:colcon.colcon_core.package_identification:_identify(.) by extension 'ignore'
[0.552s] Level 1:colcon.colcon_core.package_identification:_identify(.) by extension 'ignore_ament_install'
[0.552s] Level 1:colcon.colcon_core.package_identification:_identify(.) by extensions ['colcon_pkg']
[0.552s] Level 1:colcon.colcon_core.package_identification:_identify(.) by extension 'colcon_pkg'
[0.552s] Level 1:colcon.colcon_core.package_identification:_identify(.) by extensions ['colcon_meta']
[0.552s] Level 1:colcon.colcon_core.package_identification:_identify(.) by extension 'colcon_meta'
[0.552s] Level 1:colcon.colcon_core.package_identification:_identify(.) by extensions ['ros']
[0.553s] Level 1:colcon.colcon_core.package_identification:_identify(.) by extension 'ros'
[0.570s] Level 1:colcon.colcon_core.package_identification:_identify(.) by extensions ['cmake', 'python']
[0.570s] Level 1:colcon.colcon_core.package_identification:_identify(.) by extension 'cmake'
[0.570s] Level 1:colcon.colcon_core.package_identification:_identify(.) by extension 'python'
[0.570s] Level 1:colcon.colcon_core.package_identification:_identify(.) by extensions ['python_setup_py']
[0.571s] Level 1:colcon.colcon_core.package_identification:_identify(.) by extension 'python_setup_py'
[0.571s] Level 1:colcon.colcon_core.package_identification:_identify(build) by extensions ['ignore', 'ignore_ament_install']
[0.571s] Level 1:colcon.colcon_core.package_identification:_identify(build) by extension 'ignore'
[0.571s] Level 1:colcon.colcon_core.package_identification:_identify(build) ignored
[0.571s] Level 1:colcon.colcon_core.package_identification:_identify(install) by extensions ['ignore', 'ignore_ament_install']
[0.571s] Level 1:colcon.colcon_core.package_identification:_identify(install) by extension 'ignore'
[0.572s] Level 1:colcon.colcon_core.package_identification:_identify(install) ignored
[0.572s] Level 1:colcon.colcon_core.package_identification:_identify(log) by extensions ['ignore', 'ignore_ament_install']
[0.572s] Level 1:colcon.colcon_core.package_identification:_identify(log) by extension 'ignore'
[0.572s] Level 1:colcon.colcon_core.package_identification:_identify(log) ignored
[0.572s] Level 1:colcon.colcon_core.package_identification:_identify(src) by extensions ['ignore', 'ignore_ament_install']
[0.572s] Level 1:colcon.colcon_core.package_identification:_identify(src) by extension 'ignore'
[0.572s] Level 1:colcon.colcon_core.package_identification:_identify(src) by extension 'ignore_ament_install'
[0.572s] Level 1:colcon.colcon_core.package_identification:_identify(src) by extensions ['colcon_pkg']
[0.572s] Level 1:colcon.colcon_core.package_identification:_identify(src) by extension 'colcon_pkg'
[0.573s] Level 1:colcon.colcon_core.package_identification:_identify(src) by extensions ['colcon_meta']
[0.573s] Level 1:colcon.colcon_core.package_identification:_identify(src) by extension 'colcon_meta'
[0.573s] Level 1:colcon.colcon_core.package_identification:_identify(src) by extensions ['ros']
[0.573s] Level 1:colcon.colcon_core.package_identification:_identify(src) by extension 'ros'
[0.573s] Level 1:colcon.colcon_core.package_identification:_identify(src) by extensions ['cmake', 'python']
[0.573s] Level 1:colcon.colcon_core.package_identification:_identify(src) by extension 'cmake'
[0.573s] Level 1:colcon.colcon_core.package_identification:_identify(src) by extension 'python'
[0.573s] Level 1:colcon.colcon_core.package_identification:_identify(src) by extensions ['python_setup_py']
[0.573s] Level 1:colcon.colcon_core.package_identification:_identify(src) by extension 'python_setup_py'
[0.573s] Level 1:colcon.colcon_core.package_identification:_identify(src/livox_ros_driver2) by extensions ['ignore', 'ignore_ament_install']
[0.573s] Level 1:colcon.colcon_core.package_identification:_identify(src/livox_ros_driver2) by extension 'ignore'
[0.574s] Level 1:colcon.colcon_core.package_identification:_identify(src/livox_ros_driver2) by extension 'ignore_ament_install'
[0.574s] Level 1:colcon.colcon_core.package_identification:_identify(src/livox_ros_driver2) by extensions ['colcon_pkg']
[0.574s] Level 1:colcon.colcon_core.package_identification:_identify(src/livox_ros_driver2) by extension 'colcon_pkg'
[0.574s] Level 1:colcon.colcon_core.package_identification:_identify(src/livox_ros_driver2) by extensions ['colcon_meta']
[0.574s] Level 1:colcon.colcon_core.package_identification:_identify(src/livox_ros_driver2) by extension 'colcon_meta'
[0.574s] Level 1:colcon.colcon_core.package_identification:_identify(src/livox_ros_driver2) by extensions ['ros']
[0.574s] Level 1:colcon.colcon_core.package_identification:_identify(src/livox_ros_driver2) by extension 'ros'
[0.579s] DEBUG:colcon.colcon_core.package_identification:Package 'src/livox_ros_driver2' with type 'ros.ament_cmake' and name 'livox_ros_driver2'
[0.579s] Level 1:colcon.colcon_core.package_discovery:discover_packages(recursive) using defaults
[0.579s] Level 1:colcon.colcon_core.package_discovery:discover_packages(ignore) discover
[0.579s] Level 1:colcon.colcon_core.package_discovery:discover_packages(ignore) using defaults
[0.579s] Level 1:colcon.colcon_core.package_discovery:discover_packages(path) discover
[0.579s] Level 1:colcon.colcon_core.package_discovery:discover_packages(path) using defaults
[0.608s] Level 1:colcon.colcon_core.package_discovery:discover_packages(prefix_path) check parameters
[0.608s] Level 1:colcon.colcon_core.package_discovery:discover_packages(prefix_path) discover
[0.611s] DEBUG:colcon.colcon_installed_package_information.package_discovery:Found 0 installed packages in /home/unitree/projects/unitree_sdk2_python_g1/ws_livox/install
[0.611s] DEBUG:colcon.colcon_installed_package_information.package_discovery:Found 2 installed packages in /home/unitree/cyclonedds_ws/install
[0.613s] DEBUG:colcon.colcon_installed_package_information.package_discovery:Found 291 installed packages in /opt/ros/foxy
[0.616s] Level 1:colcon.colcon_core.package_discovery:discover_packages(prefix_path) using defaults
[0.738s] Level 5:colcon.colcon_core.verb:set package 'livox_ros_driver2' build argument 'cmake_args' from command line to '['-DROS_EDITION=ROS2', '-DHUMBLE_ROS=']'
[0.738s] Level 5:colcon.colcon_core.verb:set package 'livox_ros_driver2' build argument 'cmake_target' from command line to 'None'
[0.739s] Level 5:colcon.colcon_core.verb:set package 'livox_ros_driver2' build argument 'cmake_target_skip_unavailable' from command line to 'False'
[0.739s] Level 5:colcon.colcon_core.verb:set package 'livox_ros_driver2' build argument 'cmake_clean_cache' from command line to 'False'
[0.739s] Level 5:colcon.colcon_core.verb:set package 'livox_ros_driver2' build argument 'cmake_clean_first' from command line to 'False'
[0.739s] Level 5:colcon.colcon_core.verb:set package 'livox_ros_driver2' build argument 'cmake_force_configure' from command line to 'False'
[0.739s] Level 5:colcon.colcon_core.verb:set package 'livox_ros_driver2' build argument 'ament_cmake_args' from command line to 'None'
[0.739s] Level 5:colcon.colcon_core.verb:set package 'livox_ros_driver2' build argument 'catkin_cmake_args' from command line to 'None'
[0.739s] Level 5:colcon.colcon_core.verb:set package 'livox_ros_driver2' build argument 'catkin_skip_building_tests' from command line to 'False'
[0.739s] DEBUG:colcon.colcon_core.verb:Building package 'livox_ros_driver2' with the following arguments: {'ament_cmake_args': None, 'build_base': '/home/unitree/projects/unitree_sdk2_python_g1/ws_livox/build/livox_ros_driver2', 'catkin_cmake_args': None, 'catkin_skip_building_tests': False, 'cmake_args': ['-DROS_EDITION=ROS2', '-DHUMBLE_ROS='], 'cmake_clean_cache': False, 'cmake_clean_first': False, 'cmake_force_configure': False, 'cmake_target': None, 'cmake_target_skip_unavailable': False, 'install_base': '/home/unitree/projects/unitree_sdk2_python_g1/ws_livox/install/livox_ros_driver2', 'merge_install': False, 'path': '/home/unitree/projects/unitree_sdk2_python_g1/ws_livox/src/livox_ros_driver2', 'symlink_install': False, 'test_result_base': None}
[0.739s] INFO:colcon.colcon_core.executor:Executing jobs using 'parallel' executor
[0.741s] DEBUG:colcon.colcon_parallel_executor.executor.parallel:run_until_complete
[0.742s] INFO:colcon.colcon_ros.task.ament_cmake.build:Building ROS package in '/home/unitree/projects/unitree_sdk2_python_g1/ws_livox/src/livox_ros_driver2' with build type 'ament_cmake'
[0.742s] INFO:colcon.colcon_cmake.task.cmake.build:Building CMake package in '/home/unitree/projects/unitree_sdk2_python_g1/ws_livox/src/livox_ros_driver2'
[0.745s] INFO:colcon.colcon_core.plugin_system:Skipping extension 'colcon_core.shell.bat': Not used on non-Windows systems
[0.746s] INFO:colcon.colcon_core.shell:Skip shell extension 'powershell' for command environment: Not usable outside of PowerShell
[0.746s] DEBUG:colcon.colcon_core.shell:Skip shell extension 'dsv' for command environment
[0.760s] DEBUG:colcon.colcon_core.event_handler.log_command:Invoking command in '/home/unitree/projects/unitree_sdk2_python_g1/ws_livox/build/livox_ros_driver2': CMAKE_PREFIX_PATH=${CMAKE_PREFIX_PATH}:/opt/ros/foxy /usr/bin/cmake /home/unitree/projects/unitree_sdk2_python_g1/ws_livox/src/livox_ros_driver2 -DROS_EDITION=ROS2 -DHUMBLE_ROS= -DCMAKE_INSTALL_PREFIX=/home/unitree/projects/unitree_sdk2_python_g1/ws_livox/install/livox_ros_driver2
[6.004s] DEBUG:colcon.colcon_core.event_handler.log_command:Invoked command in '/home/unitree/projects/unitree_sdk2_python_g1/ws_livox/build/livox_ros_driver2' returned '0': CMAKE_PREFIX_PATH=${CMAKE_PREFIX_PATH}:/opt/ros/foxy /usr/bin/cmake /home/unitree/projects/unitree_sdk2_python_g1/ws_livox/src/livox_ros_driver2 -DROS_EDITION=ROS2 -DHUMBLE_ROS= -DCMAKE_INSTALL_PREFIX=/home/unitree/projects/unitree_sdk2_python_g1/ws_livox/install/livox_ros_driver2
[6.011s] DEBUG:colcon.colcon_core.event_handler.log_command:Invoking command in '/home/unitree/projects/unitree_sdk2_python_g1/ws_livox/build/livox_ros_driver2': CMAKE_PREFIX_PATH=${CMAKE_PREFIX_PATH}:/opt/ros/foxy /usr/bin/cmake --build /home/unitree/projects/unitree_sdk2_python_g1/ws_livox/build/livox_ros_driver2 -- -j8 -l8
[27.075s] DEBUG:colcon.colcon_core.event_handler.log_command:Invoked command in '/home/unitree/projects/unitree_sdk2_python_g1/ws_livox/build/livox_ros_driver2' returned '0': CMAKE_PREFIX_PATH=${CMAKE_PREFIX_PATH}:/opt/ros/foxy /usr/bin/cmake --build /home/unitree/projects/unitree_sdk2_python_g1/ws_livox/build/livox_ros_driver2 -- -j8 -l8
[27.254s] DEBUG:colcon.colcon_core.event_handler.log_command:Invoking command in '/home/unitree/projects/unitree_sdk2_python_g1/ws_livox/build/livox_ros_driver2': CMAKE_PREFIX_PATH=${CMAKE_PREFIX_PATH}:/opt/ros/foxy /usr/bin/cmake --install /home/unitree/projects/unitree_sdk2_python_g1/ws_livox/build/livox_ros_driver2
[27.375s] Level 1:colcon.colcon_core.environment:create_environment_scripts_only(livox_ros_driver2)
[27.376s] DEBUG:colcon.colcon_core.event_handler.log_command:Invoked command in '/home/unitree/projects/unitree_sdk2_python_g1/ws_livox/build/livox_ros_driver2' returned '0': CMAKE_PREFIX_PATH=${CMAKE_PREFIX_PATH}:/opt/ros/foxy /usr/bin/cmake --install /home/unitree/projects/unitree_sdk2_python_g1/ws_livox/build/livox_ros_driver2
[27.385s] Level 1:colcon.colcon_core.environment:checking '/home/unitree/projects/unitree_sdk2_python_g1/ws_livox/install/livox_ros_driver2' for CMake module files
[27.387s] Level 1:colcon.colcon_core.environment:checking '/home/unitree/projects/unitree_sdk2_python_g1/ws_livox/install/livox_ros_driver2' for CMake config files
[27.389s] Level 1:colcon.colcon_core.shell:create_environment_hook('livox_ros_driver2', 'cmake_prefix_path')
[27.389s] INFO:colcon.colcon_core.shell:Creating environment hook '/home/unitree/projects/unitree_sdk2_python_g1/ws_livox/install/livox_ros_driver2/share/livox_ros_driver2/hook/cmake_prefix_path.ps1'
[27.393s] INFO:colcon.colcon_core.shell:Creating environment descriptor '/home/unitree/projects/unitree_sdk2_python_g1/ws_livox/install/livox_ros_driver2/share/livox_ros_driver2/hook/cmake_prefix_path.dsv'
[27.394s] INFO:colcon.colcon_core.shell:Creating environment hook '/home/unitree/projects/unitree_sdk2_python_g1/ws_livox/install/livox_ros_driver2/share/livox_ros_driver2/hook/cmake_prefix_path.sh'
[27.398s] Level 1:colcon.colcon_core.environment:checking '/home/unitree/projects/unitree_sdk2_python_g1/ws_livox/install/livox_ros_driver2/lib'
[27.398s] Level 1:colcon.colcon_core.shell:create_environment_hook('livox_ros_driver2', 'ld_library_path_lib')
[27.399s] INFO:colcon.colcon_core.shell:Creating environment hook '/home/unitree/projects/unitree_sdk2_python_g1/ws_livox/install/livox_ros_driver2/share/livox_ros_driver2/hook/ld_library_path_lib.ps1'
[27.400s] INFO:colcon.colcon_core.shell:Creating environment descriptor '/home/unitree/projects/unitree_sdk2_python_g1/ws_livox/install/livox_ros_driver2/share/livox_ros_driver2/hook/ld_library_path_lib.dsv'
[27.401s] INFO:colcon.colcon_core.shell:Creating environment hook '/home/unitree/projects/unitree_sdk2_python_g1/ws_livox/install/livox_ros_driver2/share/livox_ros_driver2/hook/ld_library_path_lib.sh'
[27.403s] Level 1:colcon.colcon_core.environment:checking '/home/unitree/projects/unitree_sdk2_python_g1/ws_livox/install/livox_ros_driver2/bin'
[27.403s] Level 1:colcon.colcon_core.environment:checking '/home/unitree/projects/unitree_sdk2_python_g1/ws_livox/install/livox_ros_driver2/lib/pkgconfig/livox_ros_driver2.pc'
[27.404s] Level 1:colcon.colcon_core.environment:checking '/home/unitree/projects/unitree_sdk2_python_g1/ws_livox/install/livox_ros_driver2/lib/python3.8/site-packages'
[27.404s] Level 1:colcon.colcon_core.shell:create_environment_hook('livox_ros_driver2', 'pythonpath')
[27.405s] INFO:colcon.colcon_core.shell:Creating environment hook '/home/unitree/projects/unitree_sdk2_python_g1/ws_livox/install/livox_ros_driver2/share/livox_ros_driver2/hook/pythonpath.ps1'
[27.406s] INFO:colcon.colcon_core.shell:Creating environment descriptor '/home/unitree/projects/unitree_sdk2_python_g1/ws_livox/install/livox_ros_driver2/share/livox_ros_driver2/hook/pythonpath.dsv'
[27.407s] INFO:colcon.colcon_core.shell:Creating environment hook '/home/unitree/projects/unitree_sdk2_python_g1/ws_livox/install/livox_ros_driver2/share/livox_ros_driver2/hook/pythonpath.sh'
[27.408s] Level 1:colcon.colcon_core.environment:checking '/home/unitree/projects/unitree_sdk2_python_g1/ws_livox/install/livox_ros_driver2/bin'
[27.409s] INFO:colcon.colcon_core.shell:Creating package script '/home/unitree/projects/unitree_sdk2_python_g1/ws_livox/install/livox_ros_driver2/share/livox_ros_driver2/package.ps1'
[27.412s] INFO:colcon.colcon_core.shell:Creating package descriptor '/home/unitree/projects/unitree_sdk2_python_g1/ws_livox/install/livox_ros_driver2/share/livox_ros_driver2/package.dsv'
[27.413s] INFO:colcon.colcon_core.shell:Creating package script '/home/unitree/projects/unitree_sdk2_python_g1/ws_livox/install/livox_ros_driver2/share/livox_ros_driver2/package.sh'
[27.415s] INFO:colcon.colcon_core.shell:Creating package script '/home/unitree/projects/unitree_sdk2_python_g1/ws_livox/install/livox_ros_driver2/share/livox_ros_driver2/package.bash'
[27.417s] INFO:colcon.colcon_core.shell:Creating package script '/home/unitree/projects/unitree_sdk2_python_g1/ws_livox/install/livox_ros_driver2/share/livox_ros_driver2/package.zsh'
[27.419s] Level 1:colcon.colcon_core.environment:create_file_with_runtime_dependencies(/home/unitree/projects/unitree_sdk2_python_g1/ws_livox/install/livox_ros_driver2/share/colcon-core/packages/livox_ros_driver2)
[27.581s] Level 1:colcon.colcon_core.environment:create_environment_scripts_only(livox_ros_driver2)
[27.583s] Level 1:colcon.colcon_core.environment:checking '/home/unitree/projects/unitree_sdk2_python_g1/ws_livox/install/livox_ros_driver2' for CMake module files
[27.585s] Level 1:colcon.colcon_core.environment:checking '/home/unitree/projects/unitree_sdk2_python_g1/ws_livox/install/livox_ros_driver2' for CMake config files
[27.587s] Level 1:colcon.colcon_core.shell:create_environment_hook('livox_ros_driver2', 'cmake_prefix_path')
[27.588s] INFO:colcon.colcon_core.shell:Creating environment hook '/home/unitree/projects/unitree_sdk2_python_g1/ws_livox/install/livox_ros_driver2/share/livox_ros_driver2/hook/cmake_prefix_path.ps1'
[27.590s] INFO:colcon.colcon_core.shell:Creating environment descriptor '/home/unitree/projects/unitree_sdk2_python_g1/ws_livox/install/livox_ros_driver2/share/livox_ros_driver2/hook/cmake_prefix_path.dsv'
[27.591s] INFO:colcon.colcon_core.shell:Creating environment hook '/home/unitree/projects/unitree_sdk2_python_g1/ws_livox/install/livox_ros_driver2/share/livox_ros_driver2/hook/cmake_prefix_path.sh'
[27.593s] Level 1:colcon.colcon_core.environment:checking '/home/unitree/projects/unitree_sdk2_python_g1/ws_livox/install/livox_ros_driver2/lib'
[27.594s] Level 1:colcon.colcon_core.shell:create_environment_hook('livox_ros_driver2', 'ld_library_path_lib')
[27.595s] INFO:colcon.colcon_core.shell:Creating environment hook '/home/unitree/projects/unitree_sdk2_python_g1/ws_livox/install/livox_ros_driver2/share/livox_ros_driver2/hook/ld_library_path_lib.ps1'
[27.596s] INFO:colcon.colcon_core.shell:Creating environment descriptor '/home/unitree/projects/unitree_sdk2_python_g1/ws_livox/install/livox_ros_driver2/share/livox_ros_driver2/hook/ld_library_path_lib.dsv'
[27.597s] INFO:colcon.colcon_core.shell:Creating environment hook '/home/unitree/projects/unitree_sdk2_python_g1/ws_livox/install/livox_ros_driver2/share/livox_ros_driver2/hook/ld_library_path_lib.sh'
[27.598s] Level 1:colcon.colcon_core.environment:checking '/home/unitree/projects/unitree_sdk2_python_g1/ws_livox/install/livox_ros_driver2/bin'
[27.599s] Level 1:colcon.colcon_core.environment:checking '/home/unitree/projects/unitree_sdk2_python_g1/ws_livox/install/livox_ros_driver2/lib/pkgconfig/livox_ros_driver2.pc'
[27.599s] Level 1:colcon.colcon_core.environment:checking '/home/unitree/projects/unitree_sdk2_python_g1/ws_livox/install/livox_ros_driver2/lib/python3.8/site-packages'
[27.600s] Level 1:colcon.colcon_core.shell:create_environment_hook('livox_ros_driver2', 'pythonpath')
[27.600s] INFO:colcon.colcon_core.shell:Creating environment hook '/home/unitree/projects/unitree_sdk2_python_g1/ws_livox/install/livox_ros_driver2/share/livox_ros_driver2/hook/pythonpath.ps1'
[27.601s] INFO:colcon.colcon_core.shell:Creating environment descriptor '/home/unitree/projects/unitree_sdk2_python_g1/ws_livox/install/livox_ros_driver2/share/livox_ros_driver2/hook/pythonpath.dsv'
[27.603s] INFO:colcon.colcon_core.shell:Creating environment hook '/home/unitree/projects/unitree_sdk2_python_g1/ws_livox/install/livox_ros_driver2/share/livox_ros_driver2/hook/pythonpath.sh'
[27.604s] Level 1:colcon.colcon_core.environment:checking '/home/unitree/projects/unitree_sdk2_python_g1/ws_livox/install/livox_ros_driver2/bin'
[27.605s] INFO:colcon.colcon_core.shell:Creating package script '/home/unitree/projects/unitree_sdk2_python_g1/ws_livox/install/livox_ros_driver2/share/livox_ros_driver2/package.ps1'
[27.607s] INFO:colcon.colcon_core.shell:Creating package descriptor '/home/unitree/projects/unitree_sdk2_python_g1/ws_livox/install/livox_ros_driver2/share/livox_ros_driver2/package.dsv'
[27.608s] INFO:colcon.colcon_core.shell:Creating package script '/home/unitree/projects/unitree_sdk2_python_g1/ws_livox/install/livox_ros_driver2/share/livox_ros_driver2/package.sh'
[27.610s] INFO:colcon.colcon_core.shell:Creating package script '/home/unitree/projects/unitree_sdk2_python_g1/ws_livox/install/livox_ros_driver2/share/livox_ros_driver2/package.bash'
[27.611s] INFO:colcon.colcon_core.shell:Creating package script '/home/unitree/projects/unitree_sdk2_python_g1/ws_livox/install/livox_ros_driver2/share/livox_ros_driver2/package.zsh'
[27.611s] Level 1:colcon.colcon_core.environment:create_file_with_runtime_dependencies(/home/unitree/projects/unitree_sdk2_python_g1/ws_livox/install/livox_ros_driver2/share/colcon-core/packages/livox_ros_driver2)
[27.612s] DEBUG:colcon.colcon_parallel_executor.executor.parallel:closing loop
[27.613s] DEBUG:colcon.colcon_parallel_executor.executor.parallel:loop closed
[27.613s] DEBUG:colcon.colcon_parallel_executor.executor.parallel:run_until_complete finished with '0'
[27.614s] DEBUG:colcon.colcon_core.event_reactor:joining thread
[27.634s] INFO:colcon.colcon_core.plugin_system:Skipping extension 'colcon_notification.desktop_notification.terminal_notifier': Not used on non-Darwin systems
[27.634s] INFO:colcon.colcon_core.plugin_system:Skipping extension 'colcon_notification.desktop_notification.win32': Not used on non-Windows systems
[27.634s] INFO:colcon.colcon_notification.desktop_notification:Sending desktop notification using 'notify2'
[27.656s] DEBUG:colcon.colcon_notification.desktop_notification.notify2:Failed to initialize notify2: org.freedesktop.DBus.Error.Spawn.ChildExited: Process org.freedesktop.Notifications exited with status 1
[27.656s] DEBUG:colcon.colcon_core.event_reactor:joined thread
[27.657s] INFO:colcon.colcon_core.shell:Creating prefix script '/home/unitree/projects/unitree_sdk2_python_g1/ws_livox/install/local_setup.ps1'
[27.659s] INFO:colcon.colcon_core.shell:Creating prefix util module '/home/unitree/projects/unitree_sdk2_python_g1/ws_livox/install/_local_setup_util_ps1.py'
[27.662s] INFO:colcon.colcon_core.shell:Creating prefix chain script '/home/unitree/projects/unitree_sdk2_python_g1/ws_livox/install/setup.ps1'
[27.665s] INFO:colcon.colcon_core.shell:Creating prefix script '/home/unitree/projects/unitree_sdk2_python_g1/ws_livox/install/local_setup.sh'
[27.667s] INFO:colcon.colcon_core.shell:Creating prefix util module '/home/unitree/projects/unitree_sdk2_python_g1/ws_livox/install/_local_setup_util_sh.py'
[27.668s] INFO:colcon.colcon_core.shell:Creating prefix chain script '/home/unitree/projects/unitree_sdk2_python_g1/ws_livox/install/setup.sh'
[27.670s] INFO:colcon.colcon_core.shell:Creating prefix script '/home/unitree/projects/unitree_sdk2_python_g1/ws_livox/install/local_setup.bash'
[27.672s] INFO:colcon.colcon_core.shell:Creating prefix chain script '/home/unitree/projects/unitree_sdk2_python_g1/ws_livox/install/setup.bash'
[27.674s] INFO:colcon.colcon_core.shell:Creating prefix script '/home/unitree/projects/unitree_sdk2_python_g1/ws_livox/install/local_setup.zsh'
[27.675s] INFO:colcon.colcon_core.shell:Creating prefix chain script '/home/unitree/projects/unitree_sdk2_python_g1/ws_livox/install/setup.zsh'
