[0.023s] Invoking command in '/home/unitree/projects/unitree_sdk2_python_g1/ws_livox/build/fast_lio': AMENT_PREFIX_PATH=/home/unitree/projects/unitree_sdk2_python_g1/ws_livox/install/livox_ros_driver2:${AMENT_PREFIX_PATH} CMAKE_PREFIX_PATH=/home/unitree/projects/unitree_sdk2_python_g1/ws_livox/install/livox_ros_driver2:/home/unitree/cyclonedds_ws/install/rmw_cyclonedds_cpp:/home/unitree/cyclonedds_ws/install/cyclonedds:/opt/ros/foxy LD_LIBRARY_PATH=/home/unitree/projects/unitree_sdk2_python_g1/ws_livox/install/livox_ros_driver2/lib:/usr/local/cuda-11.4/lib64:/usr/local/lib:/home/unitree/cyclonedds_ws/install/rmw_cyclonedds_cpp/lib:/home/unitree/cyclonedds_ws/install/cyclonedds/lib:/opt/ros/foxy/opt/yaml_cpp_vendor/lib:/opt/ros/foxy/opt/rviz_ogre_vendor/lib:/opt/ros/foxy/lib/aarch64-linux-gnu:/opt/ros/foxy/lib:/usr/local/cuda-11.4/lib64 PYTHONPATH=/home/unitree/projects/unitree_sdk2_python_g1/ws_livox/install/livox_ros_driver2/lib/python3.8/site-packages:${PYTHONPATH} /home/unitree/.local/bin/cmake /home/unitree/projects/unitree_sdk2_python_g1/ws_livox/src/FAST_LIO_ROS2 -DAMENT_CMAKE_SYMLINK_INSTALL=1 -DCMAKE_INSTALL_PREFIX=/home/unitree/projects/unitree_sdk2_python_g1/ws_livox/install/fast_lio
[0.108s] -- The C compiler identification is GNU 9.4.0
[0.196s] -- The CXX compiler identification is GNU 9.4.0
[0.209s] -- Detecting C compiler ABI info
[0.289s] -- Detecting C compiler ABI info - done
[0.307s] -- Check for working C compiler: /usr/bin/cc - skipped
[0.307s] -- Detecting C compile features
[0.308s] -- Detecting C compile features - done
[0.314s] -- Detecting CXX compiler ABI info
[0.405s] -- Detecting CXX compiler ABI info - done
[0.422s] -- Check for working CXX compiler: /usr/bin/c++ - skipped
[0.422s] -- Detecting CXX compile features
[0.423s] -- Detecting CXX compile features - done
[0.424s] [0mCurrent CPU archtecture: aarch64[0m
[0.915s] -- Found PythonLibs: /usr/lib/aarch64-linux-gnu/libpython3.8.so (found version "3.8.10") 
[0.919s] -- Found ament_cmake: 0.9.12 (/opt/ros/foxy/share/ament_cmake/cmake)
[0.969s] -- Found PythonInterp: /home/unitree/Applications/virtualenvs/unitree_3.12/bin/python3 (found suitable version "3.10.12", minimum required is "3") 
[0.970s] -- Using PYTHON_EXECUTABLE: /home/unitree/Applications/virtualenvs/unitree_3.12/bin/python3
[1.129s] /opt/ros/foxy/lib/python3.8/site-packages/ament_package/__init__.py:19: UserWarning: pkg_resources is deprecated as an API. See https://setuptools.pypa.io/en/latest/pkg_resources.html. The pkg_resources package is slated for removal as early as 2025-11-30. Refrain from using this package or pin to Setuptools<81.
[1.129s]   import pkg_resources
[1.245s] -- Override CMake install command with custom implementation using symlinks instead of copying resources
[1.285s] -- Found rclcpp: 2.4.3 (/opt/ros/foxy/share/rclcpp/cmake)
[1.344s] -- Using all available rosidl_typesupport_c: rosidl_typesupport_fastrtps_c;rosidl_typesupport_introspection_c
[1.354s] -- Found rosidl_adapter: 1.3.1 (/opt/ros/foxy/share/rosidl_adapter/cmake)
[1.498s] -- Found OpenSSL: /usr/lib/aarch64-linux-gnu/libcrypto.so (found version "1.1.1f")  
[1.544s] -- Found FastRTPS: /opt/ros/foxy/include  
[1.688s] -- Using all available rosidl_typesupport_cpp: rosidl_typesupport_fastrtps_cpp;rosidl_typesupport_introspection_cpp
[1.784s] -- Found rmw_implementation_cmake: 1.0.4 (/opt/ros/foxy/share/rmw_implementation_cmake/cmake)
[1.786s] -- Using RMW implementation 'rmw_cyclonedds_cpp' as default
[1.788s] -- Looking for pthread.h
[1.878s] -- Looking for pthread.h - found
[1.879s] -- Performing Test CMAKE_HAVE_LIBC_PTHREAD
[1.972s] -- Performing Test CMAKE_HAVE_LIBC_PTHREAD - Success
[1.975s] -- Found Threads: TRUE  
[2.183s] -- Found rclcpp_components: 2.4.3 (/opt/ros/foxy/share/rclcpp_components/cmake)
[2.263s] -- Found geometry_msgs: 2.0.5 (/opt/ros/foxy/share/geometry_msgs/cmake)
[2.308s] -- Found nav_msgs: 2.0.5 (/opt/ros/foxy/share/nav_msgs/cmake)
[2.401s] -- Found sensor_msgs: 2.0.5 (/opt/ros/foxy/share/sensor_msgs/cmake)
[2.495s] -- Found std_srvs: 2.0.5 (/opt/ros/foxy/share/std_srvs/cmake)
[2.509s] -- Found visualization_msgs: 2.0.5 (/opt/ros/foxy/share/visualization_msgs/cmake)
[2.618s] [31mCMake Error at CMakeLists.txt:60 (find_package):
[2.618s]   By not providing "Findpcl_ros.cmake" in CMAKE_MODULE_PATH this project has
[2.619s]   asked CMake to find a package configuration file provided by "pcl_ros", but
[2.619s]   CMake did not find one.
[2.619s] 
[2.619s]   Could not find a package configuration file provided by "pcl_ros" with any
[2.619s]   of the following names:
[2.619s] 
[2.619s]     pcl_rosConfig.cmake
[2.619s]     pcl_ros-config.cmake
[2.619s] 
[2.620s]   Add the installation prefix of "pcl_ros" to CMAKE_PREFIX_PATH or set
[2.620s]   "pcl_ros_DIR" to a directory containing one of the above files.  If
[2.620s]   "pcl_ros" provides a separate development package or SDK, be sure it has
[2.620s]   been installed.
[2.620s] 
[2.620s] [0m
[2.620s] -- Configuring incomplete, errors occurred!
[2.620s] See also "/home/unitree/projects/unitree_sdk2_python_g1/ws_livox/build/fast_lio/CMakeFiles/CMakeOutput.log".
[2.639s] Invoked command in '/home/unitree/projects/unitree_sdk2_python_g1/ws_livox/build/fast_lio' returned '1': AMENT_PREFIX_PATH=/home/unitree/projects/unitree_sdk2_python_g1/ws_livox/install/livox_ros_driver2:${AMENT_PREFIX_PATH} CMAKE_PREFIX_PATH=/home/unitree/projects/unitree_sdk2_python_g1/ws_livox/install/livox_ros_driver2:/home/unitree/cyclonedds_ws/install/rmw_cyclonedds_cpp:/home/unitree/cyclonedds_ws/install/cyclonedds:/opt/ros/foxy LD_LIBRARY_PATH=/home/unitree/projects/unitree_sdk2_python_g1/ws_livox/install/livox_ros_driver2/lib:/usr/local/cuda-11.4/lib64:/usr/local/lib:/home/unitree/cyclonedds_ws/install/rmw_cyclonedds_cpp/lib:/home/unitree/cyclonedds_ws/install/cyclonedds/lib:/opt/ros/foxy/opt/yaml_cpp_vendor/lib:/opt/ros/foxy/opt/rviz_ogre_vendor/lib:/opt/ros/foxy/lib/aarch64-linux-gnu:/opt/ros/foxy/lib:/usr/local/cuda-11.4/lib64 PYTHONPATH=/home/unitree/projects/unitree_sdk2_python_g1/ws_livox/install/livox_ros_driver2/lib/python3.8/site-packages:${PYTHONPATH} /home/unitree/.local/bin/cmake /home/unitree/projects/unitree_sdk2_python_g1/ws_livox/src/FAST_LIO_ROS2 -DAMENT_CMAKE_SYMLINK_INSTALL=1 -DCMAKE_INSTALL_PREFIX=/home/unitree/projects/unitree_sdk2_python_g1/ws_livox/install/fast_lio
