[0.318s] DEBUG:colcon:Command line arguments: ['/usr/bin/colcon', 'build', '--packages-select', 'pcl_ros', 'fast_lio', '--cmake-args', '-DCMAKE_BUILD_TYPE=Release', '-DPython3_EXECUTABLE=/usr/bin/python3.8', '-DPYTHON_EXECUTABLE=/usr/bin/python3.8']
[0.318s] DEBUG:colcon:Parsed command line arguments: Namespace(allow_overriding=[], ament_cmake_args=None, base_paths=['.'], build_base='build', catkin_cmake_args=None, catkin_skip_building_tests=False, cmake_args=['-DCMAKE_BUILD_TYPE=Release', '-DPython3_EXECUTABLE=/usr/bin/python3.8', '-DPYTHON_EXECUTABLE=/usr/bin/python3.8'], cmake_clean_cache=False, cmake_clean_first=False, cmake_force_configure=False, cmake_target=None, cmake_target_skip_unavailable=False, continue_on_error=False, event_handlers=None, executor='parallel', ignore_user_meta=False, install_base='install', log_base=None, log_level=None, main=<bound method BuildVerb.main of <colcon_core.verb.build.BuildVerb object at 0xffffaff91550>>, merge_install=False, metas=['./colcon.meta'], packages_above=None, packages_above_and_dependencies=None, packages_above_depth=None, packages_end=None, packages_ignore=None, packages_ignore_regex=None, packages_select=['pcl_ros', 'fast_lio'], packages_select_build_failed=False, packages_select_by_dep=None, packages_select_regex=None, packages_select_test_failures=False, packages_skip=None, packages_skip_build_finished=False, packages_skip_by_dep=None, packages_skip_regex=None, packages_skip_test_passed=False, packages_skip_up_to=None, packages_start=None, packages_up_to=None, packages_up_to_regex=None, parallel_workers=8, paths=None, symlink_install=False, test_result_base=None, verb_extension=<colcon_core.verb.build.BuildVerb object at 0xffffaff91550>, verb_name='build', verb_parser=<colcon_defaults.argument_parser.defaults.DefaultArgumentsDecorator object at 0xffffafe559d0>)
[0.557s] Level 1:colcon.colcon_core.package_discovery:discover_packages(colcon_meta) check parameters
[0.557s] Level 1:colcon.colcon_core.package_discovery:discover_packages(recursive) check parameters
[0.558s] Level 1:colcon.colcon_core.package_discovery:discover_packages(ignore) check parameters
[0.558s] Level 1:colcon.colcon_core.package_discovery:discover_packages(path) check parameters
[0.558s] Level 1:colcon.colcon_core.package_discovery:discover_packages(colcon_meta) discover
[0.558s] Level 1:colcon.colcon_core.package_discovery:discover_packages(recursive) discover
[0.558s] INFO:colcon.colcon_core.package_discovery:Crawling recursively for packages in '/home/unitree/projects/unitree_sdk2_python_g1/ws_lio_ros2'
[0.558s] Level 1:colcon.colcon_core.package_identification:_identify(.) by extensions ['ignore', 'ignore_ament_install']
[0.558s] Level 1:colcon.colcon_core.package_identification:_identify(.) by extension 'ignore'
[0.558s] Level 1:colcon.colcon_core.package_identification:_identify(.) by extension 'ignore_ament_install'
[0.558s] Level 1:colcon.colcon_core.package_identification:_identify(.) by extensions ['colcon_pkg']
[0.559s] Level 1:colcon.colcon_core.package_identification:_identify(.) by extension 'colcon_pkg'
[0.559s] Level 1:colcon.colcon_core.package_identification:_identify(.) by extensions ['colcon_meta']
[0.559s] Level 1:colcon.colcon_core.package_identification:_identify(.) by extension 'colcon_meta'
[0.559s] Level 1:colcon.colcon_core.package_identification:_identify(.) by extensions ['ros']
[0.559s] Level 1:colcon.colcon_core.package_identification:_identify(.) by extension 'ros'
[0.576s] Level 1:colcon.colcon_core.package_identification:_identify(.) by extensions ['cmake', 'python']
[0.576s] Level 1:colcon.colcon_core.package_identification:_identify(.) by extension 'cmake'
[0.576s] Level 1:colcon.colcon_core.package_identification:_identify(.) by extension 'python'
[0.576s] Level 1:colcon.colcon_core.package_identification:_identify(.) by extensions ['python_setup_py']
[0.576s] Level 1:colcon.colcon_core.package_identification:_identify(.) by extension 'python_setup_py'
[0.577s] Level 1:colcon.colcon_core.package_identification:_identify(build) by extensions ['ignore', 'ignore_ament_install']
[0.577s] Level 1:colcon.colcon_core.package_identification:_identify(build) by extension 'ignore'
[0.577s] Level 1:colcon.colcon_core.package_identification:_identify(build) ignored
[0.577s] Level 1:colcon.colcon_core.package_identification:_identify(install) by extensions ['ignore', 'ignore_ament_install']
[0.577s] Level 1:colcon.colcon_core.package_identification:_identify(install) by extension 'ignore'
[0.577s] Level 1:colcon.colcon_core.package_identification:_identify(install) ignored
[0.577s] Level 1:colcon.colcon_core.package_identification:_identify(log) by extensions ['ignore', 'ignore_ament_install']
[0.578s] Level 1:colcon.colcon_core.package_identification:_identify(log) by extension 'ignore'
[0.578s] Level 1:colcon.colcon_core.package_identification:_identify(log) ignored
[0.578s] Level 1:colcon.colcon_core.package_identification:_identify(src) by extensions ['ignore', 'ignore_ament_install']
[0.578s] Level 1:colcon.colcon_core.package_identification:_identify(src) by extension 'ignore'
[0.578s] Level 1:colcon.colcon_core.package_identification:_identify(src) by extension 'ignore_ament_install'
[0.578s] Level 1:colcon.colcon_core.package_identification:_identify(src) by extensions ['colcon_pkg']
[0.578s] Level 1:colcon.colcon_core.package_identification:_identify(src) by extension 'colcon_pkg'
[0.578s] Level 1:colcon.colcon_core.package_identification:_identify(src) by extensions ['colcon_meta']
[0.578s] Level 1:colcon.colcon_core.package_identification:_identify(src) by extension 'colcon_meta'
[0.578s] Level 1:colcon.colcon_core.package_identification:_identify(src) by extensions ['ros']
[0.578s] Level 1:colcon.colcon_core.package_identification:_identify(src) by extension 'ros'
[0.579s] Level 1:colcon.colcon_core.package_identification:_identify(src) by extensions ['cmake', 'python']
[0.579s] Level 1:colcon.colcon_core.package_identification:_identify(src) by extension 'cmake'
[0.579s] Level 1:colcon.colcon_core.package_identification:_identify(src) by extension 'python'
[0.579s] Level 1:colcon.colcon_core.package_identification:_identify(src) by extensions ['python_setup_py']
[0.579s] Level 1:colcon.colcon_core.package_identification:_identify(src) by extension 'python_setup_py'
[0.579s] Level 1:colcon.colcon_core.package_identification:_identify(src/FAST_LIO_ROS2) by extensions ['ignore', 'ignore_ament_install']
[0.579s] Level 1:colcon.colcon_core.package_identification:_identify(src/FAST_LIO_ROS2) by extension 'ignore'
[0.579s] Level 1:colcon.colcon_core.package_identification:_identify(src/FAST_LIO_ROS2) by extension 'ignore_ament_install'
[0.579s] Level 1:colcon.colcon_core.package_identification:_identify(src/FAST_LIO_ROS2) by extensions ['colcon_pkg']
[0.579s] Level 1:colcon.colcon_core.package_identification:_identify(src/FAST_LIO_ROS2) by extension 'colcon_pkg'
[0.579s] Level 1:colcon.colcon_core.package_identification:_identify(src/FAST_LIO_ROS2) by extensions ['colcon_meta']
[0.579s] Level 1:colcon.colcon_core.package_identification:_identify(src/FAST_LIO_ROS2) by extension 'colcon_meta'
[0.580s] Level 1:colcon.colcon_core.package_identification:_identify(src/FAST_LIO_ROS2) by extensions ['ros']
[0.580s] Level 1:colcon.colcon_core.package_identification:_identify(src/FAST_LIO_ROS2) by extension 'ros'
[0.584s] DEBUG:colcon.colcon_core.package_identification:Package 'src/FAST_LIO_ROS2' with type 'ros.ament_cmake' and name 'fast_lio'
[0.585s] Level 1:colcon.colcon_core.package_identification:_identify(src/perception_pcl) by extensions ['ignore', 'ignore_ament_install']
[0.585s] Level 1:colcon.colcon_core.package_identification:_identify(src/perception_pcl) by extension 'ignore'
[0.585s] Level 1:colcon.colcon_core.package_identification:_identify(src/perception_pcl) by extension 'ignore_ament_install'
[0.585s] Level 1:colcon.colcon_core.package_identification:_identify(src/perception_pcl) by extensions ['colcon_pkg']
[0.585s] Level 1:colcon.colcon_core.package_identification:_identify(src/perception_pcl) by extension 'colcon_pkg'
[0.585s] Level 1:colcon.colcon_core.package_identification:_identify(src/perception_pcl) by extensions ['colcon_meta']
[0.585s] Level 1:colcon.colcon_core.package_identification:_identify(src/perception_pcl) by extension 'colcon_meta'
[0.585s] Level 1:colcon.colcon_core.package_identification:_identify(src/perception_pcl) by extensions ['ros']
[0.586s] Level 1:colcon.colcon_core.package_identification:_identify(src/perception_pcl) by extension 'ros'
[0.586s] Level 1:colcon.colcon_core.package_identification:_identify(src/perception_pcl) by extensions ['cmake', 'python']
[0.586s] Level 1:colcon.colcon_core.package_identification:_identify(src/perception_pcl) by extension 'cmake'
[0.586s] Level 1:colcon.colcon_core.package_identification:_identify(src/perception_pcl) by extension 'python'
[0.586s] Level 1:colcon.colcon_core.package_identification:_identify(src/perception_pcl) by extensions ['python_setup_py']
[0.586s] Level 1:colcon.colcon_core.package_identification:_identify(src/perception_pcl) by extension 'python_setup_py'
[0.586s] Level 1:colcon.colcon_core.package_identification:_identify(src/perception_pcl/pcl_conversions) by extensions ['ignore', 'ignore_ament_install']
[0.586s] Level 1:colcon.colcon_core.package_identification:_identify(src/perception_pcl/pcl_conversions) by extension 'ignore'
[0.586s] Level 1:colcon.colcon_core.package_identification:_identify(src/perception_pcl/pcl_conversions) ignored
[0.586s] Level 1:colcon.colcon_core.package_identification:_identify(src/perception_pcl/pcl_ros) by extensions ['ignore', 'ignore_ament_install']
[0.587s] Level 1:colcon.colcon_core.package_identification:_identify(src/perception_pcl/pcl_ros) by extension 'ignore'
[0.587s] Level 1:colcon.colcon_core.package_identification:_identify(src/perception_pcl/pcl_ros) by extension 'ignore_ament_install'
[0.587s] Level 1:colcon.colcon_core.package_identification:_identify(src/perception_pcl/pcl_ros) by extensions ['colcon_pkg']
[0.587s] Level 1:colcon.colcon_core.package_identification:_identify(src/perception_pcl/pcl_ros) by extension 'colcon_pkg'
[0.587s] Level 1:colcon.colcon_core.package_identification:_identify(src/perception_pcl/pcl_ros) by extensions ['colcon_meta']
[0.587s] Level 1:colcon.colcon_core.package_identification:_identify(src/perception_pcl/pcl_ros) by extension 'colcon_meta'
[0.587s] Level 1:colcon.colcon_core.package_identification:_identify(src/perception_pcl/pcl_ros) by extensions ['ros']
[0.587s] Level 1:colcon.colcon_core.package_identification:_identify(src/perception_pcl/pcl_ros) by extension 'ros'
[0.589s] DEBUG:colcon.colcon_core.package_identification:Package 'src/perception_pcl/pcl_ros' with type 'ros.ament_cmake' and name 'pcl_ros'
[0.589s] Level 1:colcon.colcon_core.package_identification:_identify(src/perception_pcl/perception_pcl) by extensions ['ignore', 'ignore_ament_install']
[0.590s] Level 1:colcon.colcon_core.package_identification:_identify(src/perception_pcl/perception_pcl) by extension 'ignore'
[0.590s] Level 1:colcon.colcon_core.package_identification:_identify(src/perception_pcl/perception_pcl) by extension 'ignore_ament_install'
[0.590s] Level 1:colcon.colcon_core.package_identification:_identify(src/perception_pcl/perception_pcl) by extensions ['colcon_pkg']
[0.590s] Level 1:colcon.colcon_core.package_identification:_identify(src/perception_pcl/perception_pcl) by extension 'colcon_pkg'
[0.590s] Level 1:colcon.colcon_core.package_identification:_identify(src/perception_pcl/perception_pcl) by extensions ['colcon_meta']
[0.590s] Level 1:colcon.colcon_core.package_identification:_identify(src/perception_pcl/perception_pcl) by extension 'colcon_meta'
[0.590s] Level 1:colcon.colcon_core.package_identification:_identify(src/perception_pcl/perception_pcl) by extensions ['ros']
[0.590s] Level 1:colcon.colcon_core.package_identification:_identify(src/perception_pcl/perception_pcl) by extension 'ros'
[0.591s] DEBUG:colcon.colcon_core.package_identification:Package 'src/perception_pcl/perception_pcl' with type 'ros.ament_cmake' and name 'perception_pcl'
[0.591s] Level 1:colcon.colcon_core.package_discovery:discover_packages(recursive) using defaults
[0.591s] Level 1:colcon.colcon_core.package_discovery:discover_packages(ignore) discover
[0.591s] Level 1:colcon.colcon_core.package_discovery:discover_packages(ignore) using defaults
[0.591s] Level 1:colcon.colcon_core.package_discovery:discover_packages(path) discover
[0.591s] Level 1:colcon.colcon_core.package_discovery:discover_packages(path) using defaults
[0.620s] INFO:colcon.colcon_core.package_selection:Skipping not selected package 'perception_pcl' in 'src/perception_pcl/perception_pcl'
[0.621s] Level 1:colcon.colcon_core.package_discovery:discover_packages(prefix_path) check parameters
[0.621s] Level 1:colcon.colcon_core.package_discovery:discover_packages(prefix_path) discover
[0.624s] DEBUG:colcon.colcon_installed_package_information.package_discovery:Found 2 installed packages in /home/unitree/projects/unitree_sdk2_python_g1/ws_livox/install
[0.625s] DEBUG:colcon.colcon_installed_package_information.package_discovery:Found 2 installed packages in /home/unitree/cyclonedds_ws/install
[0.627s] DEBUG:colcon.colcon_installed_package_information.package_discovery:Found 291 installed packages in /opt/ros/foxy
[0.629s] Level 1:colcon.colcon_core.package_discovery:discover_packages(prefix_path) using defaults
[0.756s] Level 5:colcon.colcon_core.verb:set package 'pcl_ros' build argument 'cmake_args' from command line to '['-DCMAKE_BUILD_TYPE=Release', '-DPython3_EXECUTABLE=/usr/bin/python3.8', '-DPYTHON_EXECUTABLE=/usr/bin/python3.8']'
[0.756s] Level 5:colcon.colcon_core.verb:set package 'pcl_ros' build argument 'cmake_target' from command line to 'None'
[0.756s] Level 5:colcon.colcon_core.verb:set package 'pcl_ros' build argument 'cmake_target_skip_unavailable' from command line to 'False'
[0.756s] Level 5:colcon.colcon_core.verb:set package 'pcl_ros' build argument 'cmake_clean_cache' from command line to 'False'
[0.756s] Level 5:colcon.colcon_core.verb:set package 'pcl_ros' build argument 'cmake_clean_first' from command line to 'False'
[0.756s] Level 5:colcon.colcon_core.verb:set package 'pcl_ros' build argument 'cmake_force_configure' from command line to 'False'
[0.756s] Level 5:colcon.colcon_core.verb:set package 'pcl_ros' build argument 'ament_cmake_args' from command line to 'None'
[0.756s] Level 5:colcon.colcon_core.verb:set package 'pcl_ros' build argument 'catkin_cmake_args' from command line to 'None'
[0.756s] Level 5:colcon.colcon_core.verb:set package 'pcl_ros' build argument 'catkin_skip_building_tests' from command line to 'False'
[0.756s] DEBUG:colcon.colcon_core.verb:Building package 'pcl_ros' with the following arguments: {'ament_cmake_args': None, 'build_base': '/home/unitree/projects/unitree_sdk2_python_g1/ws_lio_ros2/build/pcl_ros', 'catkin_cmake_args': None, 'catkin_skip_building_tests': False, 'cmake_args': ['-DCMAKE_BUILD_TYPE=Release', '-DPython3_EXECUTABLE=/usr/bin/python3.8', '-DPYTHON_EXECUTABLE=/usr/bin/python3.8'], 'cmake_clean_cache': False, 'cmake_clean_first': False, 'cmake_force_configure': False, 'cmake_target': None, 'cmake_target_skip_unavailable': False, 'install_base': '/home/unitree/projects/unitree_sdk2_python_g1/ws_lio_ros2/install/pcl_ros', 'merge_install': False, 'path': '/home/unitree/projects/unitree_sdk2_python_g1/ws_lio_ros2/src/perception_pcl/pcl_ros', 'symlink_install': False, 'test_result_base': None}
[0.757s] Level 5:colcon.colcon_core.verb:set package 'fast_lio' build argument 'cmake_args' from command line to '['-DCMAKE_BUILD_TYPE=Release', '-DPython3_EXECUTABLE=/usr/bin/python3.8', '-DPYTHON_EXECUTABLE=/usr/bin/python3.8']'
[0.757s] Level 5:colcon.colcon_core.verb:set package 'fast_lio' build argument 'cmake_target' from command line to 'None'
[0.757s] Level 5:colcon.colcon_core.verb:set package 'fast_lio' build argument 'cmake_target_skip_unavailable' from command line to 'False'
[0.757s] Level 5:colcon.colcon_core.verb:set package 'fast_lio' build argument 'cmake_clean_cache' from command line to 'False'
[0.757s] Level 5:colcon.colcon_core.verb:set package 'fast_lio' build argument 'cmake_clean_first' from command line to 'False'
[0.757s] Level 5:colcon.colcon_core.verb:set package 'fast_lio' build argument 'cmake_force_configure' from command line to 'False'
[0.757s] Level 5:colcon.colcon_core.verb:set package 'fast_lio' build argument 'ament_cmake_args' from command line to 'None'
[0.757s] Level 5:colcon.colcon_core.verb:set package 'fast_lio' build argument 'catkin_cmake_args' from command line to 'None'
[0.757s] Level 5:colcon.colcon_core.verb:set package 'fast_lio' build argument 'catkin_skip_building_tests' from command line to 'False'
[0.757s] DEBUG:colcon.colcon_core.verb:Building package 'fast_lio' with the following arguments: {'ament_cmake_args': None, 'build_base': '/home/unitree/projects/unitree_sdk2_python_g1/ws_lio_ros2/build/fast_lio', 'catkin_cmake_args': None, 'catkin_skip_building_tests': False, 'cmake_args': ['-DCMAKE_BUILD_TYPE=Release', '-DPython3_EXECUTABLE=/usr/bin/python3.8', '-DPYTHON_EXECUTABLE=/usr/bin/python3.8'], 'cmake_clean_cache': False, 'cmake_clean_first': False, 'cmake_force_configure': False, 'cmake_target': None, 'cmake_target_skip_unavailable': False, 'install_base': '/home/unitree/projects/unitree_sdk2_python_g1/ws_lio_ros2/install/fast_lio', 'merge_install': False, 'path': '/home/unitree/projects/unitree_sdk2_python_g1/ws_lio_ros2/src/FAST_LIO_ROS2', 'symlink_install': False, 'test_result_base': None}
[0.758s] INFO:colcon.colcon_core.executor:Executing jobs using 'parallel' executor
[0.760s] DEBUG:colcon.colcon_parallel_executor.executor.parallel:run_until_complete
[0.760s] INFO:colcon.colcon_ros.task.ament_cmake.build:Building ROS package in '/home/unitree/projects/unitree_sdk2_python_g1/ws_lio_ros2/src/perception_pcl/pcl_ros' with build type 'ament_cmake'
[0.760s] INFO:colcon.colcon_cmake.task.cmake.build:Building CMake package in '/home/unitree/projects/unitree_sdk2_python_g1/ws_lio_ros2/src/perception_pcl/pcl_ros'
[0.763s] INFO:colcon.colcon_core.plugin_system:Skipping extension 'colcon_core.shell.bat': Not used on non-Windows systems
[0.764s] INFO:colcon.colcon_core.shell:Skip shell extension 'powershell' for command environment: Not usable outside of PowerShell
[0.764s] DEBUG:colcon.colcon_core.shell:Skip shell extension 'dsv' for command environment
[0.779s] DEBUG:colcon.colcon_core.event_handler.log_command:Invoking command in '/home/unitree/projects/unitree_sdk2_python_g1/ws_lio_ros2/build/pcl_ros': CMAKE_PREFIX_PATH=${CMAKE_PREFIX_PATH}:/opt/ros/foxy /usr/bin/cmake /home/unitree/projects/unitree_sdk2_python_g1/ws_lio_ros2/src/perception_pcl/pcl_ros -DCMAKE_BUILD_TYPE=Release -DPython3_EXECUTABLE=/usr/bin/python3.8 -DPYTHON_EXECUTABLE=/usr/bin/python3.8 -DCMAKE_INSTALL_PREFIX=/home/unitree/projects/unitree_sdk2_python_g1/ws_lio_ros2/install/pcl_ros
[5.328s] DEBUG:colcon.colcon_core.event_handler.log_command:Invoked command in '/home/unitree/projects/unitree_sdk2_python_g1/ws_lio_ros2/build/pcl_ros' returned '0': CMAKE_PREFIX_PATH=${CMAKE_PREFIX_PATH}:/opt/ros/foxy /usr/bin/cmake /home/unitree/projects/unitree_sdk2_python_g1/ws_lio_ros2/src/perception_pcl/pcl_ros -DCMAKE_BUILD_TYPE=Release -DPython3_EXECUTABLE=/usr/bin/python3.8 -DPYTHON_EXECUTABLE=/usr/bin/python3.8 -DCMAKE_INSTALL_PREFIX=/home/unitree/projects/unitree_sdk2_python_g1/ws_lio_ros2/install/pcl_ros
[5.335s] DEBUG:colcon.colcon_core.event_handler.log_command:Invoking command in '/home/unitree/projects/unitree_sdk2_python_g1/ws_lio_ros2/build/pcl_ros': CMAKE_PREFIX_PATH=${CMAKE_PREFIX_PATH}:/opt/ros/foxy /usr/bin/cmake --build /home/unitree/projects/unitree_sdk2_python_g1/ws_lio_ros2/build/pcl_ros -- -j8 -l8
[30.634s] DEBUG:colcon.colcon_core.event_handler.log_command:Invoked command in '/home/unitree/projects/unitree_sdk2_python_g1/ws_lio_ros2/build/pcl_ros' returned '0': CMAKE_PREFIX_PATH=${CMAKE_PREFIX_PATH}:/opt/ros/foxy /usr/bin/cmake --build /home/unitree/projects/unitree_sdk2_python_g1/ws_lio_ros2/build/pcl_ros -- -j8 -l8
[30.701s] DEBUG:colcon.colcon_core.event_handler.log_command:Invoking command in '/home/unitree/projects/unitree_sdk2_python_g1/ws_lio_ros2/build/pcl_ros': CMAKE_PREFIX_PATH=${CMAKE_PREFIX_PATH}:/opt/ros/foxy /usr/bin/cmake --install /home/unitree/projects/unitree_sdk2_python_g1/ws_lio_ros2/build/pcl_ros
[30.742s] Level 1:colcon.colcon_core.environment:create_environment_scripts_only(pcl_ros)
[30.744s] DEBUG:colcon.colcon_core.event_handler.log_command:Invoked command in '/home/unitree/projects/unitree_sdk2_python_g1/ws_lio_ros2/build/pcl_ros' returned '0': CMAKE_PREFIX_PATH=${CMAKE_PREFIX_PATH}:/opt/ros/foxy /usr/bin/cmake --install /home/unitree/projects/unitree_sdk2_python_g1/ws_lio_ros2/build/pcl_ros
[30.748s] Level 1:colcon.colcon_core.environment:checking '/home/unitree/projects/unitree_sdk2_python_g1/ws_lio_ros2/install/pcl_ros' for CMake module files
[30.749s] Level 1:colcon.colcon_core.environment:checking '/home/unitree/projects/unitree_sdk2_python_g1/ws_lio_ros2/install/pcl_ros' for CMake config files
[30.750s] Level 1:colcon.colcon_core.shell:create_environment_hook('pcl_ros', 'cmake_prefix_path')
[30.751s] INFO:colcon.colcon_core.shell:Creating environment hook '/home/unitree/projects/unitree_sdk2_python_g1/ws_lio_ros2/install/pcl_ros/share/pcl_ros/hook/cmake_prefix_path.ps1'
[30.752s] INFO:colcon.colcon_core.shell:Creating environment descriptor '/home/unitree/projects/unitree_sdk2_python_g1/ws_lio_ros2/install/pcl_ros/share/pcl_ros/hook/cmake_prefix_path.dsv'
[30.753s] INFO:colcon.colcon_core.shell:Creating environment hook '/home/unitree/projects/unitree_sdk2_python_g1/ws_lio_ros2/install/pcl_ros/share/pcl_ros/hook/cmake_prefix_path.sh'
[30.755s] Level 1:colcon.colcon_core.environment:checking '/home/unitree/projects/unitree_sdk2_python_g1/ws_lio_ros2/install/pcl_ros/lib'
[30.755s] Level 1:colcon.colcon_core.shell:create_environment_hook('pcl_ros', 'ld_library_path_lib')
[30.755s] INFO:colcon.colcon_core.shell:Creating environment hook '/home/unitree/projects/unitree_sdk2_python_g1/ws_lio_ros2/install/pcl_ros/share/pcl_ros/hook/ld_library_path_lib.ps1'
[30.756s] INFO:colcon.colcon_core.shell:Creating environment descriptor '/home/unitree/projects/unitree_sdk2_python_g1/ws_lio_ros2/install/pcl_ros/share/pcl_ros/hook/ld_library_path_lib.dsv'
[30.757s] INFO:colcon.colcon_core.shell:Creating environment hook '/home/unitree/projects/unitree_sdk2_python_g1/ws_lio_ros2/install/pcl_ros/share/pcl_ros/hook/ld_library_path_lib.sh'
[30.757s] Level 1:colcon.colcon_core.environment:checking '/home/unitree/projects/unitree_sdk2_python_g1/ws_lio_ros2/install/pcl_ros/bin'
[30.758s] Level 1:colcon.colcon_core.environment:checking '/home/unitree/projects/unitree_sdk2_python_g1/ws_lio_ros2/install/pcl_ros/lib/pkgconfig/pcl_ros.pc'
[30.758s] Level 1:colcon.colcon_core.environment:checking '/home/unitree/projects/unitree_sdk2_python_g1/ws_lio_ros2/install/pcl_ros/lib/python3.8/site-packages'
[30.758s] Level 1:colcon.colcon_core.environment:checking '/home/unitree/projects/unitree_sdk2_python_g1/ws_lio_ros2/install/pcl_ros/bin'
[30.759s] INFO:colcon.colcon_core.shell:Creating package script '/home/unitree/projects/unitree_sdk2_python_g1/ws_lio_ros2/install/pcl_ros/share/pcl_ros/package.ps1'
[30.760s] INFO:colcon.colcon_core.shell:Creating package descriptor '/home/unitree/projects/unitree_sdk2_python_g1/ws_lio_ros2/install/pcl_ros/share/pcl_ros/package.dsv'
[30.761s] INFO:colcon.colcon_core.shell:Creating package script '/home/unitree/projects/unitree_sdk2_python_g1/ws_lio_ros2/install/pcl_ros/share/pcl_ros/package.sh'
[30.762s] INFO:colcon.colcon_core.shell:Creating package script '/home/unitree/projects/unitree_sdk2_python_g1/ws_lio_ros2/install/pcl_ros/share/pcl_ros/package.bash'
[30.763s] INFO:colcon.colcon_core.shell:Creating package script '/home/unitree/projects/unitree_sdk2_python_g1/ws_lio_ros2/install/pcl_ros/share/pcl_ros/package.zsh'
[30.764s] Level 1:colcon.colcon_core.environment:create_file_with_runtime_dependencies(/home/unitree/projects/unitree_sdk2_python_g1/ws_lio_ros2/install/pcl_ros/share/colcon-core/packages/pcl_ros)
[30.808s] Level 1:colcon.colcon_core.environment:create_environment_scripts_only(pcl_ros)
[30.809s] Level 1:colcon.colcon_core.environment:checking '/home/unitree/projects/unitree_sdk2_python_g1/ws_lio_ros2/install/pcl_ros' for CMake module files
[30.810s] Level 1:colcon.colcon_core.environment:checking '/home/unitree/projects/unitree_sdk2_python_g1/ws_lio_ros2/install/pcl_ros' for CMake config files
[30.811s] Level 1:colcon.colcon_core.shell:create_environment_hook('pcl_ros', 'cmake_prefix_path')
[30.811s] INFO:colcon.colcon_core.shell:Creating environment hook '/home/unitree/projects/unitree_sdk2_python_g1/ws_lio_ros2/install/pcl_ros/share/pcl_ros/hook/cmake_prefix_path.ps1'
[30.812s] INFO:colcon.colcon_core.shell:Creating environment descriptor '/home/unitree/projects/unitree_sdk2_python_g1/ws_lio_ros2/install/pcl_ros/share/pcl_ros/hook/cmake_prefix_path.dsv'
[30.813s] INFO:colcon.colcon_core.shell:Creating environment hook '/home/unitree/projects/unitree_sdk2_python_g1/ws_lio_ros2/install/pcl_ros/share/pcl_ros/hook/cmake_prefix_path.sh'
[30.814s] Level 1:colcon.colcon_core.environment:checking '/home/unitree/projects/unitree_sdk2_python_g1/ws_lio_ros2/install/pcl_ros/lib'
[30.814s] Level 1:colcon.colcon_core.shell:create_environment_hook('pcl_ros', 'ld_library_path_lib')
[30.814s] INFO:colcon.colcon_core.shell:Creating environment hook '/home/unitree/projects/unitree_sdk2_python_g1/ws_lio_ros2/install/pcl_ros/share/pcl_ros/hook/ld_library_path_lib.ps1'
[30.815s] INFO:colcon.colcon_core.shell:Creating environment descriptor '/home/unitree/projects/unitree_sdk2_python_g1/ws_lio_ros2/install/pcl_ros/share/pcl_ros/hook/ld_library_path_lib.dsv'
[30.815s] INFO:colcon.colcon_core.shell:Creating environment hook '/home/unitree/projects/unitree_sdk2_python_g1/ws_lio_ros2/install/pcl_ros/share/pcl_ros/hook/ld_library_path_lib.sh'
[30.816s] Level 1:colcon.colcon_core.environment:checking '/home/unitree/projects/unitree_sdk2_python_g1/ws_lio_ros2/install/pcl_ros/bin'
[30.816s] Level 1:colcon.colcon_core.environment:checking '/home/unitree/projects/unitree_sdk2_python_g1/ws_lio_ros2/install/pcl_ros/lib/pkgconfig/pcl_ros.pc'
[30.816s] Level 1:colcon.colcon_core.environment:checking '/home/unitree/projects/unitree_sdk2_python_g1/ws_lio_ros2/install/pcl_ros/lib/python3.8/site-packages'
[30.817s] Level 1:colcon.colcon_core.environment:checking '/home/unitree/projects/unitree_sdk2_python_g1/ws_lio_ros2/install/pcl_ros/bin'
[30.817s] INFO:colcon.colcon_core.shell:Creating package script '/home/unitree/projects/unitree_sdk2_python_g1/ws_lio_ros2/install/pcl_ros/share/pcl_ros/package.ps1'
[30.818s] INFO:colcon.colcon_core.shell:Creating package descriptor '/home/unitree/projects/unitree_sdk2_python_g1/ws_lio_ros2/install/pcl_ros/share/pcl_ros/package.dsv'
[30.819s] INFO:colcon.colcon_core.shell:Creating package script '/home/unitree/projects/unitree_sdk2_python_g1/ws_lio_ros2/install/pcl_ros/share/pcl_ros/package.sh'
[30.820s] INFO:colcon.colcon_core.shell:Creating package script '/home/unitree/projects/unitree_sdk2_python_g1/ws_lio_ros2/install/pcl_ros/share/pcl_ros/package.bash'
[30.820s] INFO:colcon.colcon_core.shell:Creating package script '/home/unitree/projects/unitree_sdk2_python_g1/ws_lio_ros2/install/pcl_ros/share/pcl_ros/package.zsh'
[30.821s] Level 1:colcon.colcon_core.environment:create_file_with_runtime_dependencies(/home/unitree/projects/unitree_sdk2_python_g1/ws_lio_ros2/install/pcl_ros/share/colcon-core/packages/pcl_ros)
[30.822s] INFO:colcon.colcon_ros.task.ament_cmake.build:Building ROS package in '/home/unitree/projects/unitree_sdk2_python_g1/ws_lio_ros2/src/FAST_LIO_ROS2' with build type 'ament_cmake'
[30.822s] INFO:colcon.colcon_cmake.task.cmake.build:Building CMake package in '/home/unitree/projects/unitree_sdk2_python_g1/ws_lio_ros2/src/FAST_LIO_ROS2'
[30.823s] INFO:colcon.colcon_core.shell:Skip shell extension 'powershell' for command environment: Not usable outside of PowerShell
[30.823s] DEBUG:colcon.colcon_core.shell:Skip shell extension 'dsv' for command environment
[30.845s] DEBUG:colcon.colcon_core.event_handler.log_command:Invoking command in '/home/unitree/projects/unitree_sdk2_python_g1/ws_lio_ros2/build/fast_lio': AMENT_PREFIX_PATH=/home/unitree/projects/unitree_sdk2_python_g1/ws_lio_ros2/install/pcl_ros:${AMENT_PREFIX_PATH} CMAKE_PREFIX_PATH=/home/unitree/projects/unitree_sdk2_python_g1/ws_lio_ros2/install/pcl_ros:/home/unitree/projects/unitree_sdk2_python_g1/ws_livox/install/livox_ros_driver2:/home/unitree/cyclonedds_ws/install/rmw_cyclonedds_cpp:/home/unitree/cyclonedds_ws/install/cyclonedds:/opt/ros/foxy LD_LIBRARY_PATH=/home/unitree/projects/unitree_sdk2_python_g1/ws_lio_ros2/install/pcl_ros/lib:/home/unitree/projects/unitree_sdk2_python_g1/ws_livox/install/livox_ros_driver2/lib:/usr/local/cuda-11.4/lib64:/usr/local/lib:/home/unitree/cyclonedds_ws/install/rmw_cyclonedds_cpp/lib:/home/unitree/cyclonedds_ws/install/cyclonedds/lib:/opt/ros/foxy/opt/yaml_cpp_vendor/lib:/opt/ros/foxy/opt/rviz_ogre_vendor/lib:/opt/ros/foxy/lib/aarch64-linux-gnu:/opt/ros/foxy/lib:/usr/local/cuda-11.4/lib64 /usr/bin/cmake /home/unitree/projects/unitree_sdk2_python_g1/ws_lio_ros2/src/FAST_LIO_ROS2 -DCMAKE_BUILD_TYPE=Release -DPython3_EXECUTABLE=/usr/bin/python3.8 -DPYTHON_EXECUTABLE=/usr/bin/python3.8 -DCMAKE_INSTALL_PREFIX=/home/unitree/projects/unitree_sdk2_python_g1/ws_lio_ros2/install/fast_lio
[37.584s] DEBUG:colcon.colcon_core.event_handler.log_command:Invoked command in '/home/unitree/projects/unitree_sdk2_python_g1/ws_lio_ros2/build/fast_lio' returned '0': AMENT_PREFIX_PATH=/home/unitree/projects/unitree_sdk2_python_g1/ws_lio_ros2/install/pcl_ros:${AMENT_PREFIX_PATH} CMAKE_PREFIX_PATH=/home/unitree/projects/unitree_sdk2_python_g1/ws_lio_ros2/install/pcl_ros:/home/unitree/projects/unitree_sdk2_python_g1/ws_livox/install/livox_ros_driver2:/home/unitree/cyclonedds_ws/install/rmw_cyclonedds_cpp:/home/unitree/cyclonedds_ws/install/cyclonedds:/opt/ros/foxy LD_LIBRARY_PATH=/home/unitree/projects/unitree_sdk2_python_g1/ws_lio_ros2/install/pcl_ros/lib:/home/unitree/projects/unitree_sdk2_python_g1/ws_livox/install/livox_ros_driver2/lib:/usr/local/cuda-11.4/lib64:/usr/local/lib:/home/unitree/cyclonedds_ws/install/rmw_cyclonedds_cpp/lib:/home/unitree/cyclonedds_ws/install/cyclonedds/lib:/opt/ros/foxy/opt/yaml_cpp_vendor/lib:/opt/ros/foxy/opt/rviz_ogre_vendor/lib:/opt/ros/foxy/lib/aarch64-linux-gnu:/opt/ros/foxy/lib:/usr/local/cuda-11.4/lib64 /usr/bin/cmake /home/unitree/projects/unitree_sdk2_python_g1/ws_lio_ros2/src/FAST_LIO_ROS2 -DCMAKE_BUILD_TYPE=Release -DPython3_EXECUTABLE=/usr/bin/python3.8 -DPYTHON_EXECUTABLE=/usr/bin/python3.8 -DCMAKE_INSTALL_PREFIX=/home/unitree/projects/unitree_sdk2_python_g1/ws_lio_ros2/install/fast_lio
[37.589s] DEBUG:colcon.colcon_core.event_handler.log_command:Invoking command in '/home/unitree/projects/unitree_sdk2_python_g1/ws_lio_ros2/build/fast_lio': AMENT_PREFIX_PATH=/home/unitree/projects/unitree_sdk2_python_g1/ws_lio_ros2/install/pcl_ros:${AMENT_PREFIX_PATH} CMAKE_PREFIX_PATH=/home/unitree/projects/unitree_sdk2_python_g1/ws_lio_ros2/install/pcl_ros:/home/unitree/projects/unitree_sdk2_python_g1/ws_livox/install/livox_ros_driver2:/home/unitree/cyclonedds_ws/install/rmw_cyclonedds_cpp:/home/unitree/cyclonedds_ws/install/cyclonedds:/opt/ros/foxy LD_LIBRARY_PATH=/home/unitree/projects/unitree_sdk2_python_g1/ws_lio_ros2/install/pcl_ros/lib:/home/unitree/projects/unitree_sdk2_python_g1/ws_livox/install/livox_ros_driver2/lib:/usr/local/cuda-11.4/lib64:/usr/local/lib:/home/unitree/cyclonedds_ws/install/rmw_cyclonedds_cpp/lib:/home/unitree/cyclonedds_ws/install/cyclonedds/lib:/opt/ros/foxy/opt/yaml_cpp_vendor/lib:/opt/ros/foxy/opt/rviz_ogre_vendor/lib:/opt/ros/foxy/lib/aarch64-linux-gnu:/opt/ros/foxy/lib:/usr/local/cuda-11.4/lib64 /usr/bin/cmake --build /home/unitree/projects/unitree_sdk2_python_g1/ws_lio_ros2/build/fast_lio -- -j8 -l8
[150.720s] DEBUG:colcon.colcon_core.event_handler.log_command:Invoked command in '/home/unitree/projects/unitree_sdk2_python_g1/ws_lio_ros2/build/fast_lio' returned '0': AMENT_PREFIX_PATH=/home/unitree/projects/unitree_sdk2_python_g1/ws_lio_ros2/install/pcl_ros:${AMENT_PREFIX_PATH} CMAKE_PREFIX_PATH=/home/unitree/projects/unitree_sdk2_python_g1/ws_lio_ros2/install/pcl_ros:/home/unitree/projects/unitree_sdk2_python_g1/ws_livox/install/livox_ros_driver2:/home/unitree/cyclonedds_ws/install/rmw_cyclonedds_cpp:/home/unitree/cyclonedds_ws/install/cyclonedds:/opt/ros/foxy LD_LIBRARY_PATH=/home/unitree/projects/unitree_sdk2_python_g1/ws_lio_ros2/install/pcl_ros/lib:/home/unitree/projects/unitree_sdk2_python_g1/ws_livox/install/livox_ros_driver2/lib:/usr/local/cuda-11.4/lib64:/usr/local/lib:/home/unitree/cyclonedds_ws/install/rmw_cyclonedds_cpp/lib:/home/unitree/cyclonedds_ws/install/cyclonedds/lib:/opt/ros/foxy/opt/yaml_cpp_vendor/lib:/opt/ros/foxy/opt/rviz_ogre_vendor/lib:/opt/ros/foxy/lib/aarch64-linux-gnu:/opt/ros/foxy/lib:/usr/local/cuda-11.4/lib64 /usr/bin/cmake --build /home/unitree/projects/unitree_sdk2_python_g1/ws_lio_ros2/build/fast_lio -- -j8 -l8
[150.824s] DEBUG:colcon.colcon_core.event_handler.log_command:Invoking command in '/home/unitree/projects/unitree_sdk2_python_g1/ws_lio_ros2/build/fast_lio': AMENT_PREFIX_PATH=/home/unitree/projects/unitree_sdk2_python_g1/ws_lio_ros2/install/pcl_ros:${AMENT_PREFIX_PATH} CMAKE_PREFIX_PATH=/home/unitree/projects/unitree_sdk2_python_g1/ws_lio_ros2/install/pcl_ros:/home/unitree/projects/unitree_sdk2_python_g1/ws_livox/install/livox_ros_driver2:/home/unitree/cyclonedds_ws/install/rmw_cyclonedds_cpp:/home/unitree/cyclonedds_ws/install/cyclonedds:/opt/ros/foxy LD_LIBRARY_PATH=/home/unitree/projects/unitree_sdk2_python_g1/ws_lio_ros2/install/pcl_ros/lib:/home/unitree/projects/unitree_sdk2_python_g1/ws_livox/install/livox_ros_driver2/lib:/usr/local/cuda-11.4/lib64:/usr/local/lib:/home/unitree/cyclonedds_ws/install/rmw_cyclonedds_cpp/lib:/home/unitree/cyclonedds_ws/install/cyclonedds/lib:/opt/ros/foxy/opt/yaml_cpp_vendor/lib:/opt/ros/foxy/opt/rviz_ogre_vendor/lib:/opt/ros/foxy/lib/aarch64-linux-gnu:/opt/ros/foxy/lib:/usr/local/cuda-11.4/lib64 /usr/bin/cmake --install /home/unitree/projects/unitree_sdk2_python_g1/ws_lio_ros2/build/fast_lio
[150.957s] Level 1:colcon.colcon_core.environment:create_environment_scripts_only(fast_lio)
[150.958s] Level 1:colcon.colcon_core.environment:checking '/home/unitree/projects/unitree_sdk2_python_g1/ws_lio_ros2/install/fast_lio' for CMake module files
[150.959s] Level 1:colcon.colcon_core.environment:checking '/home/unitree/projects/unitree_sdk2_python_g1/ws_lio_ros2/install/fast_lio' for CMake config files
[150.960s] Level 1:colcon.colcon_core.shell:create_environment_hook('fast_lio', 'cmake_prefix_path')
[150.960s] INFO:colcon.colcon_core.shell:Creating environment hook '/home/unitree/projects/unitree_sdk2_python_g1/ws_lio_ros2/install/fast_lio/share/fast_lio/hook/cmake_prefix_path.ps1'
[150.962s] INFO:colcon.colcon_core.shell:Creating environment descriptor '/home/unitree/projects/unitree_sdk2_python_g1/ws_lio_ros2/install/fast_lio/share/fast_lio/hook/cmake_prefix_path.dsv'
[150.963s] INFO:colcon.colcon_core.shell:Creating environment hook '/home/unitree/projects/unitree_sdk2_python_g1/ws_lio_ros2/install/fast_lio/share/fast_lio/hook/cmake_prefix_path.sh'
[150.964s] Level 1:colcon.colcon_core.environment:checking '/home/unitree/projects/unitree_sdk2_python_g1/ws_lio_ros2/install/fast_lio/lib'
[150.964s] Level 1:colcon.colcon_core.shell:create_environment_hook('fast_lio', 'ld_library_path_lib')
[150.964s] INFO:colcon.colcon_core.shell:Creating environment hook '/home/unitree/projects/unitree_sdk2_python_g1/ws_lio_ros2/install/fast_lio/share/fast_lio/hook/ld_library_path_lib.ps1'
[150.965s] INFO:colcon.colcon_core.shell:Creating environment descriptor '/home/unitree/projects/unitree_sdk2_python_g1/ws_lio_ros2/install/fast_lio/share/fast_lio/hook/ld_library_path_lib.dsv'
[150.965s] INFO:colcon.colcon_core.shell:Creating environment hook '/home/unitree/projects/unitree_sdk2_python_g1/ws_lio_ros2/install/fast_lio/share/fast_lio/hook/ld_library_path_lib.sh'
[150.966s] Level 1:colcon.colcon_core.environment:checking '/home/unitree/projects/unitree_sdk2_python_g1/ws_lio_ros2/install/fast_lio/bin'
[150.966s] Level 1:colcon.colcon_core.environment:checking '/home/unitree/projects/unitree_sdk2_python_g1/ws_lio_ros2/install/fast_lio/lib/pkgconfig/fast_lio.pc'
[150.966s] Level 1:colcon.colcon_core.environment:checking '/home/unitree/projects/unitree_sdk2_python_g1/ws_lio_ros2/install/fast_lio/lib/python3.8/site-packages'
[150.966s] Level 1:colcon.colcon_core.shell:create_environment_hook('fast_lio', 'pythonpath')
[150.967s] INFO:colcon.colcon_core.shell:Creating environment hook '/home/unitree/projects/unitree_sdk2_python_g1/ws_lio_ros2/install/fast_lio/share/fast_lio/hook/pythonpath.ps1'
[150.967s] INFO:colcon.colcon_core.shell:Creating environment descriptor '/home/unitree/projects/unitree_sdk2_python_g1/ws_lio_ros2/install/fast_lio/share/fast_lio/hook/pythonpath.dsv'
[150.968s] INFO:colcon.colcon_core.shell:Creating environment hook '/home/unitree/projects/unitree_sdk2_python_g1/ws_lio_ros2/install/fast_lio/share/fast_lio/hook/pythonpath.sh'
[150.968s] Level 1:colcon.colcon_core.environment:checking '/home/unitree/projects/unitree_sdk2_python_g1/ws_lio_ros2/install/fast_lio/bin'
[150.969s] INFO:colcon.colcon_core.shell:Creating package script '/home/unitree/projects/unitree_sdk2_python_g1/ws_lio_ros2/install/fast_lio/share/fast_lio/package.ps1'
[150.970s] INFO:colcon.colcon_core.shell:Creating package descriptor '/home/unitree/projects/unitree_sdk2_python_g1/ws_lio_ros2/install/fast_lio/share/fast_lio/package.dsv'
[150.971s] INFO:colcon.colcon_core.shell:Creating package script '/home/unitree/projects/unitree_sdk2_python_g1/ws_lio_ros2/install/fast_lio/share/fast_lio/package.sh'
[150.971s] INFO:colcon.colcon_core.shell:Creating package script '/home/unitree/projects/unitree_sdk2_python_g1/ws_lio_ros2/install/fast_lio/share/fast_lio/package.bash'
[150.972s] INFO:colcon.colcon_core.shell:Creating package script '/home/unitree/projects/unitree_sdk2_python_g1/ws_lio_ros2/install/fast_lio/share/fast_lio/package.zsh'
[150.972s] Level 1:colcon.colcon_core.environment:create_file_with_runtime_dependencies(/home/unitree/projects/unitree_sdk2_python_g1/ws_lio_ros2/install/fast_lio/share/colcon-core/packages/fast_lio)
[150.977s] DEBUG:colcon.colcon_core.event_handler.log_command:Invoked command in '/home/unitree/projects/unitree_sdk2_python_g1/ws_lio_ros2/build/fast_lio' returned '0': AMENT_PREFIX_PATH=/home/unitree/projects/unitree_sdk2_python_g1/ws_lio_ros2/install/pcl_ros:${AMENT_PREFIX_PATH} CMAKE_PREFIX_PATH=/home/unitree/projects/unitree_sdk2_python_g1/ws_lio_ros2/install/pcl_ros:/home/unitree/projects/unitree_sdk2_python_g1/ws_livox/install/livox_ros_driver2:/home/unitree/cyclonedds_ws/install/rmw_cyclonedds_cpp:/home/unitree/cyclonedds_ws/install/cyclonedds:/opt/ros/foxy LD_LIBRARY_PATH=/home/unitree/projects/unitree_sdk2_python_g1/ws_lio_ros2/install/pcl_ros/lib:/home/unitree/projects/unitree_sdk2_python_g1/ws_livox/install/livox_ros_driver2/lib:/usr/local/cuda-11.4/lib64:/usr/local/lib:/home/unitree/cyclonedds_ws/install/rmw_cyclonedds_cpp/lib:/home/unitree/cyclonedds_ws/install/cyclonedds/lib:/opt/ros/foxy/opt/yaml_cpp_vendor/lib:/opt/ros/foxy/opt/rviz_ogre_vendor/lib:/opt/ros/foxy/lib/aarch64-linux-gnu:/opt/ros/foxy/lib:/usr/local/cuda-11.4/lib64 /usr/bin/cmake --install /home/unitree/projects/unitree_sdk2_python_g1/ws_lio_ros2/build/fast_lio
[151.095s] Level 1:colcon.colcon_core.environment:create_environment_scripts_only(fast_lio)
[151.096s] Level 1:colcon.colcon_core.environment:checking '/home/unitree/projects/unitree_sdk2_python_g1/ws_lio_ros2/install/fast_lio' for CMake module files
[151.097s] Level 1:colcon.colcon_core.environment:checking '/home/unitree/projects/unitree_sdk2_python_g1/ws_lio_ros2/install/fast_lio' for CMake config files
[151.098s] Level 1:colcon.colcon_core.shell:create_environment_hook('fast_lio', 'cmake_prefix_path')
[151.098s] INFO:colcon.colcon_core.shell:Creating environment hook '/home/unitree/projects/unitree_sdk2_python_g1/ws_lio_ros2/install/fast_lio/share/fast_lio/hook/cmake_prefix_path.ps1'
[151.099s] INFO:colcon.colcon_core.shell:Creating environment descriptor '/home/unitree/projects/unitree_sdk2_python_g1/ws_lio_ros2/install/fast_lio/share/fast_lio/hook/cmake_prefix_path.dsv'
[151.100s] INFO:colcon.colcon_core.shell:Creating environment hook '/home/unitree/projects/unitree_sdk2_python_g1/ws_lio_ros2/install/fast_lio/share/fast_lio/hook/cmake_prefix_path.sh'
[151.101s] Level 1:colcon.colcon_core.environment:checking '/home/unitree/projects/unitree_sdk2_python_g1/ws_lio_ros2/install/fast_lio/lib'
[151.101s] Level 1:colcon.colcon_core.shell:create_environment_hook('fast_lio', 'ld_library_path_lib')
[151.101s] INFO:colcon.colcon_core.shell:Creating environment hook '/home/unitree/projects/unitree_sdk2_python_g1/ws_lio_ros2/install/fast_lio/share/fast_lio/hook/ld_library_path_lib.ps1'
[151.102s] INFO:colcon.colcon_core.shell:Creating environment descriptor '/home/unitree/projects/unitree_sdk2_python_g1/ws_lio_ros2/install/fast_lio/share/fast_lio/hook/ld_library_path_lib.dsv'
[151.102s] INFO:colcon.colcon_core.shell:Creating environment hook '/home/unitree/projects/unitree_sdk2_python_g1/ws_lio_ros2/install/fast_lio/share/fast_lio/hook/ld_library_path_lib.sh'
[151.103s] Level 1:colcon.colcon_core.environment:checking '/home/unitree/projects/unitree_sdk2_python_g1/ws_lio_ros2/install/fast_lio/bin'
[151.103s] Level 1:colcon.colcon_core.environment:checking '/home/unitree/projects/unitree_sdk2_python_g1/ws_lio_ros2/install/fast_lio/lib/pkgconfig/fast_lio.pc'
[151.103s] Level 1:colcon.colcon_core.environment:checking '/home/unitree/projects/unitree_sdk2_python_g1/ws_lio_ros2/install/fast_lio/lib/python3.8/site-packages'
[151.104s] Level 1:colcon.colcon_core.shell:create_environment_hook('fast_lio', 'pythonpath')
[151.104s] INFO:colcon.colcon_core.shell:Creating environment hook '/home/unitree/projects/unitree_sdk2_python_g1/ws_lio_ros2/install/fast_lio/share/fast_lio/hook/pythonpath.ps1'
[151.104s] INFO:colcon.colcon_core.shell:Creating environment descriptor '/home/unitree/projects/unitree_sdk2_python_g1/ws_lio_ros2/install/fast_lio/share/fast_lio/hook/pythonpath.dsv'
[151.105s] INFO:colcon.colcon_core.shell:Creating environment hook '/home/unitree/projects/unitree_sdk2_python_g1/ws_lio_ros2/install/fast_lio/share/fast_lio/hook/pythonpath.sh'
[151.106s] Level 1:colcon.colcon_core.environment:checking '/home/unitree/projects/unitree_sdk2_python_g1/ws_lio_ros2/install/fast_lio/bin'
[151.106s] INFO:colcon.colcon_core.shell:Creating package script '/home/unitree/projects/unitree_sdk2_python_g1/ws_lio_ros2/install/fast_lio/share/fast_lio/package.ps1'
[151.107s] INFO:colcon.colcon_core.shell:Creating package descriptor '/home/unitree/projects/unitree_sdk2_python_g1/ws_lio_ros2/install/fast_lio/share/fast_lio/package.dsv'
[151.108s] INFO:colcon.colcon_core.shell:Creating package script '/home/unitree/projects/unitree_sdk2_python_g1/ws_lio_ros2/install/fast_lio/share/fast_lio/package.sh'
[151.109s] INFO:colcon.colcon_core.shell:Creating package script '/home/unitree/projects/unitree_sdk2_python_g1/ws_lio_ros2/install/fast_lio/share/fast_lio/package.bash'
[151.110s] INFO:colcon.colcon_core.shell:Creating package script '/home/unitree/projects/unitree_sdk2_python_g1/ws_lio_ros2/install/fast_lio/share/fast_lio/package.zsh'
[151.111s] Level 1:colcon.colcon_core.environment:create_file_with_runtime_dependencies(/home/unitree/projects/unitree_sdk2_python_g1/ws_lio_ros2/install/fast_lio/share/colcon-core/packages/fast_lio)
[151.111s] DEBUG:colcon.colcon_parallel_executor.executor.parallel:closing loop
[151.112s] DEBUG:colcon.colcon_parallel_executor.executor.parallel:loop closed
[151.112s] DEBUG:colcon.colcon_parallel_executor.executor.parallel:run_until_complete finished with '0'
[151.112s] DEBUG:colcon.colcon_core.event_reactor:joining thread
[151.124s] INFO:colcon.colcon_core.plugin_system:Skipping extension 'colcon_notification.desktop_notification.terminal_notifier': Not used on non-Darwin systems
[151.124s] INFO:colcon.colcon_core.plugin_system:Skipping extension 'colcon_notification.desktop_notification.win32': Not used on non-Windows systems
[151.124s] INFO:colcon.colcon_notification.desktop_notification:Sending desktop notification using 'notify2'
[151.149s] DEBUG:colcon.colcon_notification.desktop_notification.notify2:Failed to initialize notify2: org.freedesktop.DBus.Error.Spawn.ChildExited: Process org.freedesktop.Notifications exited with status 1
[151.150s] DEBUG:colcon.colcon_core.event_reactor:joined thread
[151.150s] INFO:colcon.colcon_core.shell:Creating prefix script '/home/unitree/projects/unitree_sdk2_python_g1/ws_lio_ros2/install/local_setup.ps1'
[151.152s] INFO:colcon.colcon_core.shell:Creating prefix util module '/home/unitree/projects/unitree_sdk2_python_g1/ws_lio_ros2/install/_local_setup_util_ps1.py'
[151.154s] INFO:colcon.colcon_core.shell:Creating prefix chain script '/home/unitree/projects/unitree_sdk2_python_g1/ws_lio_ros2/install/setup.ps1'
[151.156s] INFO:colcon.colcon_core.shell:Creating prefix script '/home/unitree/projects/unitree_sdk2_python_g1/ws_lio_ros2/install/local_setup.sh'
[151.157s] INFO:colcon.colcon_core.shell:Creating prefix util module '/home/unitree/projects/unitree_sdk2_python_g1/ws_lio_ros2/install/_local_setup_util_sh.py'
[151.158s] INFO:colcon.colcon_core.shell:Creating prefix chain script '/home/unitree/projects/unitree_sdk2_python_g1/ws_lio_ros2/install/setup.sh'
[151.160s] INFO:colcon.colcon_core.shell:Creating prefix script '/home/unitree/projects/unitree_sdk2_python_g1/ws_lio_ros2/install/local_setup.bash'
[151.162s] INFO:colcon.colcon_core.shell:Creating prefix chain script '/home/unitree/projects/unitree_sdk2_python_g1/ws_lio_ros2/install/setup.bash'
[151.164s] INFO:colcon.colcon_core.shell:Creating prefix script '/home/unitree/projects/unitree_sdk2_python_g1/ws_lio_ros2/install/local_setup.zsh'
[151.165s] INFO:colcon.colcon_core.shell:Creating prefix chain script '/home/unitree/projects/unitree_sdk2_python_g1/ws_lio_ros2/install/setup.zsh'
